Archive member included to satisfy reference by file (symbol)

C:/ST/STM32CubeIDE_1.15.0/STM32CubeIDE/plugins/com.st.stm32cube.ide.mcu.externaltools.gnu-tools-for-stm32.12.3.rel1.win32_1.0.200.202406191623/tools/bin/../lib/gcc/arm-none-eabi/12.3.1/../../../../arm-none-eabi/lib/thumb/v6-m/nofp\libc_nano.a(libc_a-exit.o)
                              C:/ST/STM32CubeIDE_1.15.0/STM32CubeIDE/plugins/com.st.stm32cube.ide.mcu.externaltools.gnu-tools-for-stm32.12.3.rel1.win32_1.0.200.202406191623/tools/bin/../lib/gcc/arm-none-eabi/12.3.1/../../../../arm-none-eabi/lib/thumb/v6-m/nofp/crt0.o (exit)
C:/ST/STM32CubeIDE_1.15.0/STM32CubeIDE/plugins/com.st.stm32cube.ide.mcu.externaltools.gnu-tools-for-stm32.12.3.rel1.win32_1.0.200.202406191623/tools/bin/../lib/gcc/arm-none-eabi/12.3.1/../../../../arm-none-eabi/lib/thumb/v6-m/nofp\libc_nano.a(libc_a-findfp.o)
                              C:/ST/STM32CubeIDE_1.15.0/STM32CubeIDE/plugins/com.st.stm32cube.ide.mcu.externaltools.gnu-tools-for-stm32.12.3.rel1.win32_1.0.200.202406191623/tools/bin/../lib/gcc/arm-none-eabi/12.3.1/../../../../arm-none-eabi/lib/thumb/v6-m/nofp\libc_nano.a(libc_a-exit.o) (__stdio_exit_handler)
C:/ST/STM32CubeIDE_1.15.0/STM32CubeIDE/plugins/com.st.stm32cube.ide.mcu.externaltools.gnu-tools-for-stm32.12.3.rel1.win32_1.0.200.202406191623/tools/bin/../lib/gcc/arm-none-eabi/12.3.1/../../../../arm-none-eabi/lib/thumb/v6-m/nofp\libc_nano.a(libc_a-fwalk.o)
                              C:/ST/STM32CubeIDE_1.15.0/STM32CubeIDE/plugins/com.st.stm32cube.ide.mcu.externaltools.gnu-tools-for-stm32.12.3.rel1.win32_1.0.200.202406191623/tools/bin/../lib/gcc/arm-none-eabi/12.3.1/../../../../arm-none-eabi/lib/thumb/v6-m/nofp\libc_nano.a(libc_a-findfp.o) (_fwalk_sglue)
C:/ST/STM32CubeIDE_1.15.0/STM32CubeIDE/plugins/com.st.stm32cube.ide.mcu.externaltools.gnu-tools-for-stm32.12.3.rel1.win32_1.0.200.202406191623/tools/bin/../lib/gcc/arm-none-eabi/12.3.1/../../../../arm-none-eabi/lib/thumb/v6-m/nofp\libc_nano.a(libc_a-sprintf.o)
                              ./Core/Src/SerialServo.o (sprintf)
C:/ST/STM32CubeIDE_1.15.0/STM32CubeIDE/plugins/com.st.stm32cube.ide.mcu.externaltools.gnu-tools-for-stm32.12.3.rel1.win32_1.0.200.202406191623/tools/bin/../lib/gcc/arm-none-eabi/12.3.1/../../../../arm-none-eabi/lib/thumb/v6-m/nofp\libc_nano.a(libc_a-stdio.o)
                              C:/ST/STM32CubeIDE_1.15.0/STM32CubeIDE/plugins/com.st.stm32cube.ide.mcu.externaltools.gnu-tools-for-stm32.12.3.rel1.win32_1.0.200.202406191623/tools/bin/../lib/gcc/arm-none-eabi/12.3.1/../../../../arm-none-eabi/lib/thumb/v6-m/nofp\libc_nano.a(libc_a-findfp.o) (__sread)
C:/ST/STM32CubeIDE_1.15.0/STM32CubeIDE/plugins/com.st.stm32cube.ide.mcu.externaltools.gnu-tools-for-stm32.12.3.rel1.win32_1.0.200.202406191623/tools/bin/../lib/gcc/arm-none-eabi/12.3.1/../../../../arm-none-eabi/lib/thumb/v6-m/nofp\libc_nano.a(libc_a-memset.o)
                              C:/ST/STM32CubeIDE_1.15.0/STM32CubeIDE/plugins/com.st.stm32cube.ide.mcu.externaltools.gnu-tools-for-stm32.12.3.rel1.win32_1.0.200.202406191623/tools/bin/../lib/gcc/arm-none-eabi/12.3.1/../../../../arm-none-eabi/lib/thumb/v6-m/nofp/crt0.o (memset)
C:/ST/STM32CubeIDE_1.15.0/STM32CubeIDE/plugins/com.st.stm32cube.ide.mcu.externaltools.gnu-tools-for-stm32.12.3.rel1.win32_1.0.200.202406191623/tools/bin/../lib/gcc/arm-none-eabi/12.3.1/../../../../arm-none-eabi/lib/thumb/v6-m/nofp\libc_nano.a(libc_a-closer.o)
                              C:/ST/STM32CubeIDE_1.15.0/STM32CubeIDE/plugins/com.st.stm32cube.ide.mcu.externaltools.gnu-tools-for-stm32.12.3.rel1.win32_1.0.200.202406191623/tools/bin/../lib/gcc/arm-none-eabi/12.3.1/../../../../arm-none-eabi/lib/thumb/v6-m/nofp\libc_nano.a(libc_a-stdio.o) (_close_r)
C:/ST/STM32CubeIDE_1.15.0/STM32CubeIDE/plugins/com.st.stm32cube.ide.mcu.externaltools.gnu-tools-for-stm32.12.3.rel1.win32_1.0.200.202406191623/tools/bin/../lib/gcc/arm-none-eabi/12.3.1/../../../../arm-none-eabi/lib/thumb/v6-m/nofp\libc_nano.a(libc_a-reent.o)
                              C:/ST/STM32CubeIDE_1.15.0/STM32CubeIDE/plugins/com.st.stm32cube.ide.mcu.externaltools.gnu-tools-for-stm32.12.3.rel1.win32_1.0.200.202406191623/tools/bin/../lib/gcc/arm-none-eabi/12.3.1/../../../../arm-none-eabi/lib/thumb/v6-m/nofp\libc_nano.a(libc_a-closer.o) (errno)
C:/ST/STM32CubeIDE_1.15.0/STM32CubeIDE/plugins/com.st.stm32cube.ide.mcu.externaltools.gnu-tools-for-stm32.12.3.rel1.win32_1.0.200.202406191623/tools/bin/../lib/gcc/arm-none-eabi/12.3.1/../../../../arm-none-eabi/lib/thumb/v6-m/nofp\libc_nano.a(libc_a-impure.o)
                              C:/ST/STM32CubeIDE_1.15.0/STM32CubeIDE/plugins/com.st.stm32cube.ide.mcu.externaltools.gnu-tools-for-stm32.12.3.rel1.win32_1.0.200.202406191623/tools/bin/../lib/gcc/arm-none-eabi/12.3.1/../../../../arm-none-eabi/lib/thumb/v6-m/nofp\libc_nano.a(libc_a-sprintf.o) (_impure_ptr)
[...]
Memory Configuration

Name             Origin             Length             Attributes
RAM              0x20000000         0x00002000         xrw
FLASH            0x08000000         0x00010000         xr
*default*        0x00000000         0xffffffff

Linker script and memory map

LOAD C:/ST/STM32CubeIDE_1.15.0/STM32CubeIDE/plugins/com.st.stm32cube.ide.mcu.externaltools.gnu-tools-for-stm32.12.3.rel1.win32_1.0.200.202406191623/tools/bin/../lib/gcc/arm-none-eabi/12.3.1/thumb/v6-m/nofp/crti.o
LOAD C:/ST/STM32CubeIDE_1.15.0/STM32CubeIDE/plugins/com.st.stm32cube.ide.mcu.externaltools.gnu-tools-for-stm32.12.3.rel1.win32_1.0.200.202406191623/tools/bin/../lib/gcc/arm-none-eabi/12.3.1/thumb/v6-m/nofp/crtbegin.o
LOAD C:/ST/STM32CubeIDE_1.15.0/STM32CubeIDE/plugins/com.st.stm32cube.ide.mcu.externaltools.gnu-tools-for-stm32.12.3.rel1.win32_1.0.200.202406191623/tools/bin/../lib/gcc/arm-none-eabi/12.3.1/../../../../arm-none-eabi/lib/thumb/v6-m/nofp/crt0.o
LOAD ./Core/Src/SerialServo.o
LOAD ./Core/Src/main.o
LOAD ./Core/Src/stm32f0xx_hal_msp.o
LOAD ./Core/Src/stm32f0xx_it.o
LOAD ./Core/Src/syscalls.o
LOAD ./Core/Src/sysmem.o
LOAD ./Core/Src/system_stm32f0xx.o
LOAD ./Core/Startup/startup_stm32f051r8tx.o
LOAD ./Drivers/STM32F0xx_HAL_Driver/Src/stm32f0xx_hal.o
LOAD ./Drivers/STM32F0xx_HAL_Driver/Src/stm32f0xx_hal_cortex.o
LOAD ./Drivers/STM32F0xx_HAL_Driver/Src/stm32f0xx_hal_dma.o
LOAD ./Drivers/STM32F0xx_HAL_Driver/Src/stm32f0xx_hal_exti.o
LOAD ./Drivers/STM32F0xx_HAL_Driver/Src/stm32f0xx_hal_flash.o
LOAD ./Drivers/STM32F0xx_HAL_Driver/Src/stm32f0xx_hal_flash_ex.o
LOAD ./Drivers/STM32F0xx_HAL_Driver/Src/stm32f0xx_hal_gpio.o
LOAD ./Drivers/STM32F0xx_HAL_Driver/Src/stm32f0xx_hal_i2c.o
LOAD ./Drivers/STM32F0xx_HAL_Driver/Src/stm32f0xx_hal_i2c_ex.o
LOAD ./Drivers/STM32F0xx_HAL_Driver/Src/stm32f0xx_hal_pwr.o
LOAD ./Drivers/STM32F0xx_HAL_Driver/Src/stm32f0xx_hal_pwr_ex.o
LOAD ./Drivers/STM32F0xx_HAL_Driver/Src/stm32f0xx_hal_rcc.o
LOAD ./Drivers/STM32F0xx_HAL_Driver/Src/stm32f0xx_hal_rcc_ex.o
LOAD ./Drivers/STM32F0xx_HAL_Driver/Src/stm32f0xx_hal_tim.o
LOAD ./Drivers/STM32F0xx_HAL_Driver/Src/stm32f0xx_hal_tim_ex.o
LOAD ./Drivers/STM32F0xx_HAL_Driver/Src/stm32f0xx_hal_uart.o
LOAD ./Drivers/STM32F0xx_HAL_Driver/Src/stm32f0xx_hal_uart_ex.o
START GROUP
LOAD C:/ST/STM32CubeIDE_1.15.0/STM32CubeIDE/plugins/com.st.stm32cube.ide.mcu.externaltools.gnu-tools-for-stm32.12.3.rel1.win32_1.0.200.202406191623/tools/bin/../lib/gcc/arm-none-eabi/12.3.1/../../../../arm-none-eabi/lib/thumb/v6-m/nofp\libc_nano.a
LOAD C:/ST/STM32CubeIDE_1.15.0/STM32CubeIDE/plugins/com.st.stm32cube.ide.mcu.externaltools.gnu-tools-for-stm32.12.3.rel1.win32_1.0.200.202406191623/tools/bin/../lib/gcc/arm-none-eabi/12.3.1/../../../../arm-none-eabi/lib/thumb/v6-m/nofp\libm.a
END GROUP
START GROUP
LOAD C:/ST/STM32CubeIDE_1.15.0/STM32CubeIDE/plugins/com.st.stm32cube.ide.mcu.externaltools.gnu-tools-for-stm32.12.3.rel1.win32_1.0.200.202406191623/tools/bin/../lib/gcc/arm-none-eabi/12.3.1/thumb/v6-m/nofp\libgcc.a
LOAD C:/ST/STM32CubeIDE_1.15.0/STM32CubeIDE/plugins/com.st.stm32cube.ide.mcu.externaltools.gnu-tools-for-stm32.12.3.rel1.win32_1.0.200.202406191623/tools/bin/../lib/gcc/arm-none-eabi/12.3.1/../../../../arm-none-eabi/lib/thumb/v6-m/nofp\libc_nano.a
END GROUP
START GROUP
LOAD C:/ST/STM32CubeIDE_1.15.0/STM32CubeIDE/plugins/com.st.stm32cube.ide.mcu.externaltools.gnu-tools-for-stm32.12.3.rel1.win32_1.0.200.202406191623/tools/bin/../lib/gcc/arm-none-eabi/12.3.1/thumb/v6-m/nofp\libgcc.a
LOAD C:/ST/STM32CubeIDE_1.15.0/STM32CubeIDE/plugins/com.st.stm32cube.ide.mcu.externaltools.gnu-tools-for-stm32.12.3.rel1.win32_1.0.200.202406191623/tools/bin/../lib/gcc/arm-none-eabi/12.3.1/../../../../arm-none-eabi/lib/thumb/v6-m/nofp\libc_nano.a
LOAD C:/ST/STM32CubeIDE_1.15.0/STM32CubeIDE/plugins/com.st.stm32cube.ide.mcu.externaltools.gnu-tools-for-stm32.12.3.rel1.win32_1.0.200.202406191623/tools/bin/../lib/gcc/arm-none-eabi/12.3.1/../../../../arm-none-eabi/lib/thumb/v6-m/nofp\libnosys.a
END GROUP
START GROUP
LOAD C:/ST/STM32CubeIDE_1.15.0/STM32CubeIDE/plugins/com.st.stm32cube.ide.mcu.externaltools.gnu-tools-for-stm32.12.3.rel1.win32_1.0.200.202406191623/tools/bin/../lib/gcc/arm-none-eabi/12.3.1/thumb/v6-m/nofp\libgcc.a
LOAD C:/ST/STM32CubeIDE_1.15.0/STM32CubeIDE/plugins/com.st.stm32cube.ide.mcu.externaltools.gnu-tools-for-stm32.12.3.rel1.win32_1.0.200.202406191623/tools/bin/../lib/gcc/arm-none-eabi/12.3.1/../../../../arm-none-eabi/lib/thumb/v6-m/nofp\libc_nano.a
LOAD C:/ST/STM32CubeIDE_1.15.0/STM32CubeIDE/plugins/com.st.stm32cube.ide.mcu.externaltools.gnu-tools-for-stm32.12.3.rel1.win32_1.0.200.202406191623/tools/bin/../lib/gcc/arm-none-eabi/12.3.1/../../../../arm-none-eabi/lib/thumb/v6-m/nofp\libnosys.a
END GROUP
LOAD C:/ST/STM32CubeIDE_1.15.0/STM32CubeIDE/plugins/com.st.stm32cube.ide.mcu.externaltools.gnu-tools-for-stm32.12.3.rel1.win32_1.0.200.202406191623/tools/bin/../lib/gcc/arm-none-eabi/12.3.1/thumb/v6-m/nofp/crtend.o
LOAD C:/ST/STM32CubeIDE_1.15.0/STM32CubeIDE/plugins/com.st.stm32cube.ide.mcu.externaltools.gnu-tools-for-stm32.12.3.rel1.win32_1.0.200.202406191623/tools/bin/../lib/gcc/arm-none-eabi/12.3.1/thumb/v6-m/nofp/crtn.o
                0x20002000                        _estack = (ORIGIN (RAM) + LENGTH (RAM))
                0x00000200                        _Min_Heap_Size = 0x200
                0x00000400                        _Min_Stack_Size = 0x400

.isr_vector     0x08000000       0xc0
                0x08000000                        . = ALIGN (0x4)
 *(.isr_vector)
 .isr_vector    0x08000000       0xc0 ./Core/Startup/startup_stm32f051r8tx.o
                0x08000000                g_pfnVectors
                0x080000c0                        . = ALIGN (0x4)

.text           0x080000c0     0x3188
                0x080000c0                        . = ALIGN (0x4)
 *(.text)
 .text          0x080000c0       0x48 C:/ST/STM32CubeIDE_1.15.0/STM32CubeIDE/plugins/com.st.stm32cube.ide.mcu.externaltools.gnu-tools-for-stm32.12.3.rel1.win32_1.0.200.202406191623/tools/bin/../lib/gcc/arm-none-eabi/12.3.1/thumb/v6-m/nofp/crtbegin.o
 .text          0x08000108      0x114 C:/ST/STM32CubeIDE_1.15.0/STM32CubeIDE/plugins/com.st.stm32cube.ide.mcu.externaltools.gnu-tools-for-stm32.12.3.rel1.win32_1.0.200.202406191623/tools/bin/../lib/gcc/arm-none-eabi/12.3.1/thumb/v6-m/nofp\libgcc.a(_udivsi3.o)
                0x08000108                __aeabi_uidiv
                0x08000108                __udivsi3
                0x08000214                __aeabi_uidivmod
 .text          0x0800021c        0x4 C:/ST/STM32CubeIDE_1.15.0/STM32CubeIDE/plugins/com.st.stm32cube.ide.mcu.externaltools.gnu-tools-for-stm32.12.3.rel1.win32_1.0.200.202406191623/tools/bin/../lib/gcc/arm-none-eabi/12.3.1/thumb/v6-m/nofp\libgcc.a(_dvmd_tls.o)
                0x0800021c                __aeabi_idiv0
                0x0800021c                __aeabi_ldiv0
 *(.text*)
 .text.Sync_write
                0x08000220      0x158 ./Core/Src/SerialServo.o
                0x08000220                Sync_write
 .text.struct_to_arr
                0x08000378       0xbc ./Core/Src/SerialServo.o
                0x08000378                struct_to_arr
 .text.int_to_hex
                0x08000434       0x58 ./Core/Src/SerialServo.o
                0x08000434                int_to_hex
 .text.arr_to_struct
                0x0800048c      0x154 ./Core/Src/SerialServo.o
                0x0800048c                arr_to_struct
 .text.AxelFlow_fire
                0x080005e0      0x344 ./Core/Src/SerialServo.o
                0x080005e0                AxelFlow_fire
 .text.getChecksum
                0x08000924       0x68 ./Core/Src/SerialServo.o
                0x08000924                getChecksum
 .text.main     0x0800098c       0xd4 ./Core/Src/main.o
                0x0800098c                main
 .text.SystemClock_Config
                0x08000a60       0xc2 ./Core/Src/main.o
                0x08000a60                SystemClock_Config
 *fill*         0x08000b22        0x2 
 .text.MX_USART1_UART_Init
                0x08000b24       0x60 ./Core/Src/main.o
 .text.MX_USART2_UART_Init
                0x08000b84       0x64 ./Core/Src/main.o
 .text.MX_GPIO_Init
                0x08000be8       0x8c ./Core/Src/main.o
 .text.Error_Handler
                0x08000c74        0xc ./Core/Src/main.o
                0x08000c74                Error_Handler
 .text.HAL_MspInit
                0x08000c80       0x48 ./Core/Src/stm32f0xx_hal_msp.o
                0x08000c80                HAL_MspInit
 .text.HAL_UART_MspInit
                0x08000cc8      0x120 ./Core/Src/stm32f0xx_hal_msp.o
                0x08000cc8                HAL_UART_MspInit
 .text.NMI_Handler
                0x08000de8        0x8 ./Core/Src/stm32f0xx_it.o
                0x08000de8                NMI_Handler
 .text.HardFault_Handler
                0x08000df0        0x8 ./Core/Src/stm32f0xx_it.o
                0x08000df0                HardFault_Handler
 .text.SVC_Handler
                0x08000df8        0xa ./Core/Src/stm32f0xx_it.o
                0x08000df8                SVC_Handler
 .text.PendSV_Handler
                0x08000e02        0xa ./Core/Src/stm32f0xx_it.o
                0x08000e02                PendSV_Handler
 .text.SysTick_Handler
                0x08000e0c        0xe ./Core/Src/stm32f0xx_it.o
                0x08000e0c                SysTick_Handler
 .text.EXTI0_1_IRQHandler
                0x08000e1a       0x10 ./Core/Src/stm32f0xx_it.o
                0x08000e1a                EXTI0_1_IRQHandler
 *fill*         0x08000e2a        0x2 
 .text.USART2_IRQHandler
                0x08000e2c       0x18 ./Core/Src/stm32f0xx_it.o
                0x08000e2c                USART2_IRQHandler
 .text.SystemInit
                0x08000e44        0xa ./Core/Src/system_stm32f0xx.o
                0x08000e44                SystemInit
 *fill*         0x08000e4e        0x2 
 .text.Reset_Handler
                0x08000e50       0x50 ./Core/Startup/startup_stm32f051r8tx.o
                0x08000e50                Reset_Handler
 .text.Default_Handler
                0x08000ea0        0x2 ./Core/Startup/startup_stm32f051r8tx.o
                0x08000ea0                TIM1_CC_IRQHandler
                0x08000ea0                TSC_IRQHandler
                0x08000ea0                ADC1_COMP_IRQHandler
                0x08000ea0                PVD_IRQHandler
                0x08000ea0                I2C1_IRQHandler
                0x08000ea0                RCC_CRS_IRQHandler
                0x08000ea0                SPI1_IRQHandler
                0x08000ea0                TIM6_DAC_IRQHandler
                0x08000ea0                EXTI2_3_IRQHandler
                0x08000ea0                I2C2_IRQHandler
                0x08000ea0                TIM17_IRQHandler
                0x08000ea0                CEC_CAN_IRQHandler
                0x08000ea0                RTC_IRQHandler
                0x08000ea0                TIM16_IRQHandler
                0x08000ea0                TIM3_IRQHandler
                0x08000ea0                EXTI4_15_IRQHandler
                0x08000ea0                DMA1_Channel1_IRQHandler
                0x08000ea0                Default_Handler
                0x08000ea0                TIM14_IRQHandler
                0x08000ea0                DMA1_Channel4_5_IRQHandler
                0x08000ea0                TIM15_IRQHandler
                0x08000ea0                SPI2_IRQHandler
                0x08000ea0                WWDG_IRQHandler
                0x08000ea0                TIM2_IRQHandler
                0x08000ea0                DMA1_Channel2_3_IRQHandler
                0x08000ea0                FLASH_IRQHandler
                0x08000ea0                USART1_IRQHandler
                0x08000ea0                TIM1_BRK_UP_TRG_COM_IRQHandler
 *fill*         0x08000ea2        0x2 
 .text.HAL_Init
                0x08000ea4       0x28 ./Drivers/STM32F0xx_HAL_Driver/Src/stm32f0xx_hal.o
                0x08000ea4                HAL_Init
 .text.HAL_InitTick
                0x08000ecc       0x68 ./Drivers/STM32F0xx_HAL_Driver/Src/stm32f0xx_hal.o
                0x08000ecc                HAL_InitTick
 .text.HAL_IncTick
                0x08000f34       0x24 ./Drivers/STM32F0xx_HAL_Driver/Src/stm32f0xx_hal.o
                0x08000f34                HAL_IncTick
 .text.HAL_GetTick
                0x08000f58       0x14 ./Drivers/STM32F0xx_HAL_Driver/Src/stm32f0xx_hal.o
                0x08000f58                HAL_GetTick
 .text.HAL_Delay
                0x08000f6c       0x48 ./Drivers/STM32F0xx_HAL_Driver/Src/stm32f0xx_hal.o
                0x08000f6c                HAL_Delay
 .text.__NVIC_EnableIRQ
                0x08000fb4       0x34 ./Drivers/STM32F0xx_HAL_Driver/Src/stm32f0xx_hal_cortex.o
 .text.__NVIC_SetPriority
                0x08000fe8       0xdc ./Drivers/STM32F0xx_HAL_Driver/Src/stm32f0xx_hal_cortex.o
 .text.SysTick_Config
                0x080010c4       0x48 ./Drivers/STM32F0xx_HAL_Driver/Src/stm32f0xx_hal_cortex.o
 .text.HAL_NVIC_SetPriority
                0x0800110c       0x2a ./Drivers/STM32F0xx_HAL_Driver/Src/stm32f0xx_hal_cortex.o
                0x0800110c                HAL_NVIC_SetPriority
 .text.HAL_NVIC_EnableIRQ
                0x08001136       0x20 ./Drivers/STM32F0xx_HAL_Driver/Src/stm32f0xx_hal_cortex.o
                0x08001136                HAL_NVIC_EnableIRQ
 .text.HAL_SYSTICK_Config
                0x08001156       0x1a ./Drivers/STM32F0xx_HAL_Driver/Src/stm32f0xx_hal_cortex.o
                0x08001156                HAL_SYSTICK_Config
 .text.HAL_DMA_Abort
                0x08001170       0x70 ./Drivers/STM32F0xx_HAL_Driver/Src/stm32f0xx_hal_dma.o
                0x08001170                HAL_DMA_Abort
 .text.HAL_DMA_Abort_IT
                0x080011e0       0x8a ./Drivers/STM32F0xx_HAL_Driver/Src/stm32f0xx_hal_dma.o
                0x080011e0                HAL_DMA_Abort_IT
 *fill*         0x0800126a        0x2 
 .text.HAL_GPIO_Init
                0x0800126c      0x2e0 ./Drivers/STM32F0xx_HAL_Driver/Src/stm32f0xx_hal_gpio.o
                0x0800126c                HAL_GPIO_Init
 .text.HAL_GPIO_EXTI_IRQHandler
                0x0800154c       0x38 ./Drivers/STM32F0xx_HAL_Driver/Src/stm32f0xx_hal_gpio.o
                0x0800154c                HAL_GPIO_EXTI_IRQHandler
 .text.HAL_GPIO_EXTI_Callback
                0x08001584       0x14 ./Drivers/STM32F0xx_HAL_Driver/Src/stm32f0xx_hal_gpio.o
                0x08001584                HAL_GPIO_EXTI_Callback
 .text.HAL_RCC_OscConfig
                0x08001598      0x634 ./Drivers/STM32F0xx_HAL_Driver/Src/stm32f0xx_hal_rcc.o
                0x08001598                HAL_RCC_OscConfig
 .text.HAL_RCC_ClockConfig
                0x08001bcc      0x19c ./Drivers/STM32F0xx_HAL_Driver/Src/stm32f0xx_hal_rcc.o
                0x08001bcc                HAL_RCC_ClockConfig
 .text.HAL_RCC_GetSysClockFreq
                0x08001d68       0xac ./Drivers/STM32F0xx_HAL_Driver/Src/stm32f0xx_hal_rcc.o
                0x08001d68                HAL_RCC_GetSysClockFreq
 .text.HAL_RCC_GetHCLKFreq
                0x08001e14       0x14 ./Drivers/STM32F0xx_HAL_Driver/Src/stm32f0xx_hal_rcc.o
                0x08001e14                HAL_RCC_GetHCLKFreq
 .text.HAL_RCC_GetPCLK1Freq
                0x08001e28       0x2c ./Drivers/STM32F0xx_HAL_Driver/Src/stm32f0xx_hal_rcc.o
                0x08001e28                HAL_RCC_GetPCLK1Freq
 .text.HAL_RCCEx_PeriphCLKConfig
                0x08001e54      0x1bc ./Drivers/STM32F0xx_HAL_Driver/Src/stm32f0xx_hal_rcc_ex.o
                0x08001e54                HAL_RCCEx_PeriphCLKConfig
 .text.HAL_UART_Init
                0x08002010       0xa8 ./Drivers/STM32F0xx_HAL_Driver/Src/stm32f0xx_hal_uart.o
                0x08002010                HAL_UART_Init
 .text.HAL_HalfDuplex_Init
                0x080020b8       0xb8 ./Drivers/STM32F0xx_HAL_Driver/Src/stm32f0xx_hal_uart.o
                0x080020b8                HAL_HalfDuplex_Init
 .text.HAL_UART_Transmit
                0x08002170      0x13e ./Drivers/STM32F0xx_HAL_Driver/Src/stm32f0xx_hal_uart.o
                0x08002170                HAL_UART_Transmit
 *fill*         0x080022ae        0x2 
 .text.HAL_UART_Receive
                0x080022b0      0x1a8 ./Drivers/STM32F0xx_HAL_Driver/Src/stm32f0xx_hal_uart.o
                0x080022b0                HAL_UART_Receive
 .text.HAL_UART_IRQHandler
                0x08002458      0x5c0 ./Drivers/STM32F0xx_HAL_Driver/Src/stm32f0xx_hal_uart.o
                0x08002458                HAL_UART_IRQHandler
 .text.HAL_UART_TxCpltCallback
                0x08002a18       0x10 ./Drivers/STM32F0xx_HAL_Driver/Src/stm32f0xx_hal_uart.o
                0x08002a18                HAL_UART_TxCpltCallback
 .text.HAL_UART_ErrorCallback
                0x08002a28       0x10 ./Drivers/STM32F0xx_HAL_Driver/Src/stm32f0xx_hal_uart.o
                0x08002a28                HAL_UART_ErrorCallback
 .text.HAL_UARTEx_RxEventCallback
                0x08002a38       0x16 ./Drivers/STM32F0xx_HAL_Driver/Src/stm32f0xx_hal_uart.o
                0x08002a38                HAL_UARTEx_RxEventCallback
 *fill*         0x08002a4e        0x2 
 .text.UART_SetConfig
                0x08002a50      0x280 ./Drivers/STM32F0xx_HAL_Driver/Src/stm32f0xx_hal_uart.o
                0x08002a50                UART_SetConfig
 .text.UART_AdvFeatureConfig
                0x08002cd0      0x168 ./Drivers/STM32F0xx_HAL_Driver/Src/stm32f0xx_hal_uart.o
                0x08002cd0                UART_AdvFeatureConfig
 .text.UART_CheckIdleState
                0x08002e38      0x150 ./Drivers/STM32F0xx_HAL_Driver/Src/stm32f0xx_hal_uart.o
                0x08002e38                UART_CheckIdleState
 .text.UART_WaitOnFlagUntilTimeout
                0x08002f88       0xde ./Drivers/STM32F0xx_HAL_Driver/Src/stm32f0xx_hal_uart.o
                0x08002f88                UART_WaitOnFlagUntilTimeout
 *fill*         0x08003066        0x2 
 .text.UART_EndRxTransfer
                0x08003068       0xc8 ./Drivers/STM32F0xx_HAL_Driver/Src/stm32f0xx_hal_uart.o
 .text.UART_DMAAbortOnError
                0x08003130       0x2e ./Drivers/STM32F0xx_HAL_Driver/Src/stm32f0xx_hal_uart.o
 .text.UART_EndTransmit_IT
                0x0800315e       0x56 ./Drivers/STM32F0xx_HAL_Driver/Src/stm32f0xx_hal_uart.o
 .text.HAL_UARTEx_WakeupCallback
                0x080031b4       0x10 ./Drivers/STM32F0xx_HAL_Driver/Src/stm32f0xx_hal_uart_ex.o
                0x080031b4                HAL_UARTEx_WakeupCallback
 .text.memset   0x080031c4       0x10 C:/ST/STM32CubeIDE_1.15.0/STM32CubeIDE/plugins/com.st.stm32cube.ide.mcu.externaltools.gnu-tools-for-stm32.12.3.rel1.win32_1.0.200.202406191623/tools/bin/../lib/gcc/arm-none-eabi/12.3.1/../../../../arm-none-eabi/lib/thumb/v6-m/nofp\libc_nano.a(libc_a-memset.o)
                0x080031c4                memset
 .text.__libc_init_array
                0x080031d4       0x48 C:/ST/STM32CubeIDE_1.15.0/STM32CubeIDE/plugins/com.st.stm32cube.ide.mcu.externaltools.gnu-tools-for-stm32.12.3.rel1.win32_1.0.200.202406191623/tools/bin/../lib/gcc/arm-none-eabi/12.3.1/../../../../arm-none-eabi/lib/thumb/v6-m/nofp\libc_nano.a(libc_a-init.o)
                0x080031d4                __libc_init_array
 .text.memcpy   0x0800321c       0x12 C:/ST/STM32CubeIDE_1.15.0/STM32CubeIDE/plugins/com.st.stm32cube.ide.mcu.externaltools.gnu-tools-for-stm32.12.3.rel1.win32_1.0.200.202406191623/tools/bin/../lib/gcc/arm-none-eabi/12.3.1/../../../../arm-none-eabi/lib/thumb/v6-m/nofp\libc_nano.a(libc_a-memcpy-stub.o)
                0x0800321c                memcpy
 *(.glue_7)
 .glue_7        0x0800322e        0x0 linker stubs
 *(.glue_7t)
 .glue_7t       0x0800322e        0x0 linker stubs
 *(.eh_frame)
 *fill*         0x0800322e        0x2 
 .eh_frame      0x08003230        0x0 C:/ST/STM32CubeIDE_1.15.0/STM32CubeIDE/plugins/com.st.stm32cube.ide.mcu.externaltools.gnu-tools-for-stm32.12.3.rel1.win32_1.0.200.202406191623/tools/bin/../lib/gcc/arm-none-eabi/12.3.1/thumb/v6-m/nofp/crtbegin.o
 *(.init)
 .init          0x08003230        0x4 C:/ST/STM32CubeIDE_1.15.0/STM32CubeIDE/plugins/com.st.stm32cube.ide.mcu.externaltools.gnu-tools-for-stm32.12.3.rel1.win32_1.0.200.202406191623/tools/bin/../lib/gcc/arm-none-eabi/12.3.1/thumb/v6-m/nofp/crti.o
                0x08003230                _init
 .init          0x08003234        0x8 C:/ST/STM32CubeIDE_1.15.0/STM32CubeIDE/plugins/com.st.stm32cube.ide.mcu.externaltools.gnu-tools-for-stm32.12.3.rel1.win32_1.0.200.202406191623/tools/bin/../lib/gcc/arm-none-eabi/12.3.1/thumb/v6-m/nofp/crtn.o
 *(.fini)
 .fini          0x0800323c        0x4 C:/ST/STM32CubeIDE_1.15.0/STM32CubeIDE/plugins/com.st.stm32cube.ide.mcu.externaltools.gnu-tools-for-stm32.12.3.rel1.win32_1.0.200.202406191623/tools/bin/../lib/gcc/arm-none-eabi/12.3.1/thumb/v6-m/nofp/crti.o
                0x0800323c                _fini
 .fini          0x08003240        0x8 C:/ST/STM32CubeIDE_1.15.0/STM32CubeIDE/plugins/com.st.stm32cube.ide.mcu.externaltools.gnu-tools-for-stm32.12.3.rel1.win32_1.0.200.202406191623/tools/bin/../lib/gcc/arm-none-eabi/12.3.1/thumb/v6-m/nofp/crtn.o
                0x08003248                        . = ALIGN (0x4)
                0x08003248                        _etext = .

.vfp11_veneer   0x08003248        0x0
 .vfp11_veneer  0x08003248        0x0 linker stubs

.v4_bx          0x08003248        0x0
 .v4_bx         0x08003248        0x0 linker stubs

.iplt           0x08003248        0x0
 .iplt          0x08003248        0x0 C:/ST/STM32CubeIDE_1.15.0/STM32CubeIDE/plugins/com.st.stm32cube.ide.mcu.externaltools.gnu-tools-for-stm32.12.3.rel1.win32_1.0.200.202406191623/tools/bin/../lib/gcc/arm-none-eabi/12.3.1/thumb/v6-m/nofp/crtbegin.o

.rodata         0x08003248       0x38
                0x08003248                        . = ALIGN (0x4)
 *(.rodata)
 *(.rodata*)
 .rodata.AHBPrescTable
                0x08003248       0x10 ./Core/Src/system_stm32f0xx.o
                0x08003248                AHBPrescTable
 .rodata.APBPrescTable
                0x08003258        0x8 ./Core/Src/system_stm32f0xx.o
                0x08003258                APBPrescTable
 .rodata.aPLLMULFactorTable.1
                0x08003260       0x10 ./Drivers/STM32F0xx_HAL_Driver/Src/stm32f0xx_hal_rcc.o
 .rodata.aPredivFactorTable.0
                0x08003270       0x10 ./Drivers/STM32F0xx_HAL_Driver/Src/stm32f0xx_hal_rcc.o
                0x08003280                        . = ALIGN (0x4)

.ARM.extab      0x08003280        0x0
                0x08003280                        . = ALIGN (0x4)
 *(.ARM.extab* .gnu.linkonce.armextab.*)
                0x08003280                        . = ALIGN (0x4)

.ARM            0x08003280        0x0
                0x08003280                        . = ALIGN (0x4)
                0x08003280                        __exidx_start = .
 *(.ARM.exidx*)
                0x08003280                        __exidx_end = .
                0x08003280                        . = ALIGN (0x4)

.preinit_array  0x08003280        0x0
                0x08003280                        . = ALIGN (0x4)
                0x08003280                        PROVIDE (__preinit_array_start = .)
 *(.preinit_array*)
                0x08003280                        PROVIDE (__preinit_array_end = .)
                0x08003280                        . = ALIGN (0x4)

.init_array     0x08003280        0x4
                0x08003280                        . = ALIGN (0x4)
                0x08003280                        PROVIDE (__init_array_start = .)
 *(SORT_BY_NAME(.init_array.*))
 *(.init_array*)
 .init_array    0x08003280        0x4 C:/ST/STM32CubeIDE_1.15.0/STM32CubeIDE/plugins/com.st.stm32cube.ide.mcu.externaltools.gnu-tools-for-stm32.12.3.rel1.win32_1.0.200.202406191623/tools/bin/../lib/gcc/arm-none-eabi/12.3.1/thumb/v6-m/nofp/crtbegin.o
                0x08003284                        PROVIDE (__init_array_end = .)
                0x08003284                        . = ALIGN (0x4)

.fini_array     0x08003284        0x4
                0x08003284                        . = ALIGN (0x4)
                [!provide]                        PROVIDE (__fini_array_start = .)
 *(SORT_BY_NAME(.fini_array.*))
 *(.fini_array*)
 .fini_array    0x08003284        0x4 C:/ST/STM32CubeIDE_1.15.0/STM32CubeIDE/plugins/com.st.stm32cube.ide.mcu.externaltools.gnu-tools-for-stm32.12.3.rel1.win32_1.0.200.202406191623/tools/bin/../lib/gcc/arm-none-eabi/12.3.1/thumb/v6-m/nofp/crtbegin.o
                [!provide]                        PROVIDE (__fini_array_end = .)
                0x08003288                        . = ALIGN (0x4)
                0x08003288                        _sidata = LOADADDR (.data)

.rel.dyn        0x08003288        0x0
 .rel.iplt      0x08003288        0x0 C:/ST/STM32CubeIDE_1.15.0/STM32CubeIDE/plugins/com.st.stm32cube.ide.mcu.externaltools.gnu-tools-for-stm32.12.3.rel1.win32_1.0.200.202406191623/tools/bin/../lib/gcc/arm-none-eabi/12.3.1/thumb/v6-m/nofp/crtbegin.o

.data           0x20000000        0xc load address 0x08003288
                0x20000000                        . = ALIGN (0x4)
                0x20000000                        _sdata = .
 *(.data)
 *(.data*)
 .data.SystemCoreClock
                0x20000000        0x4 ./Core/Src/system_stm32f0xx.o
                0x20000000                SystemCoreClock
 .data.uwTickPrio
                0x20000004        0x4 ./Drivers/STM32F0xx_HAL_Driver/Src/stm32f0xx_hal.o
                0x20000004                uwTickPrio
 .data.uwTickFreq
                0x20000008        0x1 ./Drivers/STM32F0xx_HAL_Driver/Src/stm32f0xx_hal.o
                0x20000008                uwTickFreq
 *(.RamFunc)
 *(.RamFunc*)
                0x2000000c                        . = ALIGN (0x4)
 *fill*         0x20000009        0x3 
                0x2000000c                        _edata = .

.igot.plt       0x2000000c        0x0 load address 0x08003294
 .igot.plt      0x2000000c        0x0 C:/ST/STM32CubeIDE_1.15.0/STM32CubeIDE/plugins/com.st.stm32cube.ide.mcu.externaltools.gnu-tools-for-stm32.12.3.rel1.win32_1.0.200.202406191623/tools/bin/../lib/gcc/arm-none-eabi/12.3.1/thumb/v6-m/nofp/crtbegin.o
                0x2000000c                        . = ALIGN (0x4)

.bss            0x2000000c      0x150 load address 0x08003294
                0x2000000c                        _sbss = .
                0x2000000c                        __bss_start__ = _sbss
 *(.bss)
 .bss           0x2000000c       0x1c C:/ST/STM32CubeIDE_1.15.0/STM32CubeIDE/plugins/com.st.stm32cube.ide.mcu.externaltools.gnu-tools-for-stm32.12.3.rel1.win32_1.0.200.202406191623/tools/bin/../lib/gcc/arm-none-eabi/12.3.1/thumb/v6-m/nofp/crtbegin.o
 *(.bss*)
 .bss.packet    0x20000028       0x10 ./Core/Src/SerialServo.o
                0x20000028                packet
 .bss.info_array
                0x20000038        0xf ./Core/Src/SerialServo.o
                0x20000038                info_array
 *fill*         0x20000047        0x1 
 .bss.huart1    0x20000048       0x88 ./Core/Src/main.o
                0x20000048                huart1
 .bss.huart2    0x200000d0       0x88 ./Core/Src/main.o
                0x200000d0                huart2
 .bss.uwTick    0x20000158        0x4 ./Drivers/STM32F0xx_HAL_Driver/Src/stm32f0xx_hal.o
                0x20000158                uwTick
 *(COMMON)
                0x2000015c                        . = ALIGN (0x4)
                0x2000015c                        _ebss = .
                0x2000015c                        __bss_end__ = _ebss

._user_heap_stack
                0x2000015c      0x604 load address 0x08003294
                0x20000160                        . = ALIGN (0x8)
 *fill*         0x2000015c        0x4 
                [!provide]                        PROVIDE (end = .)
                0x20000160                        PROVIDE (_end = .)
                0x20000360                        . = (. + _Min_Heap_Size)
 *fill*         0x20000160      0x200 
                0x20000760                        . = (. + _Min_Stack_Size)
 *fill*         0x20000360      0x400 
                0x20000760                        . = ALIGN (0x8)

/DISCARD/
 libc.a(*)
 libm.a(*)
 libgcc.a(*)

.ARM.attributes
                0x00000000       0x28
 *(.ARM.attributes)
 .ARM.attributes
                0x00000000       0x1e C:/ST/STM32CubeIDE_1.15.0/STM32CubeIDE/plugins/com.st.stm32cube.ide.mcu.externaltools.gnu-tools-for-stm32.12.3.rel1.win32_1.0.200.202406191623/tools/bin/../lib/gcc/arm-none-eabi/12.3.1/thumb/v6-m/nofp/crti.o
 .ARM.attributes
                0x0000001e       0x2c C:/ST/STM32CubeIDE_1.15.0/STM32CubeIDE/plugins/com.st.stm32cube.ide.mcu.externaltools.gnu-tools-for-stm32.12.3.rel1.win32_1.0.200.202406191623/tools/bin/../lib/gcc/arm-none-eabi/12.3.1/thumb/v6-m/nofp/crtbegin.o
 .ARM.attributes
                0x0000004a       0x2c ./Core/Src/SerialServo.o
 .ARM.attributes
                0x00000076       0x2c ./Core/Src/main.o
 .ARM.attributes
                0x000000a2       0x2c ./Core/Src/stm32f0xx_hal_msp.o
 .ARM.attributes
                0x000000ce       0x2c ./Core/Src/stm32f0xx_it.o
 .ARM.attributes
                0x000000fa       0x2c ./Core/Src/system_stm32f0xx.o
 .ARM.attributes
                0x00000126       0x21 ./Core/Startup/startup_stm32f051r8tx.o
 .ARM.attributes
                0x00000147       0x2c ./Drivers/STM32F0xx_HAL_Driver/Src/stm32f0xx_hal.o
 .ARM.attributes
                0x00000173       0x2c ./Drivers/STM32F0xx_HAL_Driver/Src/stm32f0xx_hal_cortex.o
 .ARM.attributes
                0x0000019f       0x2c ./Drivers/STM32F0xx_HAL_Driver/Src/stm32f0xx_hal_dma.o
 .ARM.attributes
                0x000001cb       0x2c ./Drivers/STM32F0xx_HAL_Driver/Src/stm32f0xx_hal_gpio.o
 .ARM.attributes
                0x000001f7       0x2c ./Drivers/STM32F0xx_HAL_Driver/Src/stm32f0xx_hal_rcc.o
 .ARM.attributes
                0x00000223       0x2c ./Drivers/STM32F0xx_HAL_Driver/Src/stm32f0xx_hal_rcc_ex.o
 .ARM.attributes
                0x0000024f       0x2c ./Drivers/STM32F0xx_HAL_Driver/Src/stm32f0xx_hal_uart.o
 .ARM.attributes
                0x0000027b       0x2c ./Drivers/STM32F0xx_HAL_Driver/Src/stm32f0xx_hal_uart_ex.o
 .ARM.attributes
                0x000002a7       0x2c C:/ST/STM32CubeIDE_1.15.0/STM32CubeIDE/plugins/com.st.stm32cube.ide.mcu.externaltools.gnu-tools-for-stm32.12.3.rel1.win32_1.0.200.202406191623/tools/bin/../lib/gcc/arm-none-eabi/12.3.1/../../../../arm-none-eabi/lib/thumb/v6-m/nofp\libc_nano.a(libc_a-memset.o)
 .ARM.attributes
                0x000002d3       0x2c C:/ST/STM32CubeIDE_1.15.0/STM32CubeIDE/plugins/com.st.stm32cube.ide.mcu.externaltools.gnu-tools-for-stm32.12.3.rel1.win32_1.0.200.202406191623/tools/bin/../lib/gcc/arm-none-eabi/12.3.1/../../../../arm-none-eabi/lib/thumb/v6-m/nofp\libc_nano.a(libc_a-init.o)
 .ARM.attributes
                0x000002ff       0x2c C:/ST/STM32CubeIDE_1.15.0/STM32CubeIDE/plugins/com.st.stm32cube.ide.mcu.externaltools.gnu-tools-for-stm32.12.3.rel1.win32_1.0.200.202406191623/tools/bin/../lib/gcc/arm-none-eabi/12.3.1/../../../../arm-none-eabi/lib/thumb/v6-m/nofp\libc_nano.a(libc_a-memcpy-stub.o)
 .ARM.attributes
                0x0000032b       0x1e C:/ST/STM32CubeIDE_1.15.0/STM32CubeIDE/plugins/com.st.stm32cube.ide.mcu.externaltools.gnu-tools-for-stm32.12.3.rel1.win32_1.0.200.202406191623/tools/bin/../lib/gcc/arm-none-eabi/12.3.1/thumb/v6-m/nofp\libgcc.a(_udivsi3.o)
 .ARM.attributes
                0x00000349       0x1e C:/ST/STM32CubeIDE_1.15.0/STM32CubeIDE/plugins/com.st.stm32cube.ide.mcu.externaltools.gnu-tools-for-stm32.12.3.rel1.win32_1.0.200.202406191623/tools/bin/../lib/gcc/arm-none-eabi/12.3.1/thumb/v6-m/nofp\libgcc.a(_dvmd_tls.o)
 .ARM.attributes
                0x00000367       0x1e C:/ST/STM32CubeIDE_1.15.0/STM32CubeIDE/plugins/com.st.stm32cube.ide.mcu.externaltools.gnu-tools-for-stm32.12.3.rel1.win32_1.0.200.202406191623/tools/bin/../lib/gcc/arm-none-eabi/12.3.1/thumb/v6-m/nofp/crtn.o
OUTPUT(Serial_bus_servo.elf elf32-littlearm)
LOAD linker stubs
LOAD C:/ST/STM32CubeIDE_1.15.0/STM32CubeIDE/plugins/com.st.stm32cube.ide.mcu.externaltools.gnu-tools-for-stm32.12.3.rel1.win32_1.0.200.202406191623/tools/bin/../lib/gcc/arm-none-eabi/12.3.1/../../../../arm-none-eabi/lib/thumb/v6-m/nofp\libc.a
LOAD C:/ST/STM32CubeIDE_1.15.0/STM32CubeIDE/plugins/com.st.stm32cube.ide.mcu.externaltools.gnu-tools-for-stm32.12.3.rel1.win32_1.0.200.202406191623/tools/bin/../lib/gcc/arm-none-eabi/12.3.1/../../../../arm-none-eabi/lib/thumb/v6-m/nofp\libm.a
LOAD C:/ST/STM32CubeIDE_1.15.0/STM32CubeIDE/plugins/com.st.stm32cube.ide.mcu.externaltools.gnu-tools-for-stm32.12.3.rel1.win32_1.0.200.202406191623/tools/bin/../lib/gcc/arm-none-eabi/12.3.1/thumb/v6-m/nofp\libgcc.a

.debug_info     0x00000000     0xa044
 .debug_info    0x00000000     0x120a ./Core/Src/SerialServo.o
 .debug_info    0x0000120a      0xdd2 ./Core/Src/main.o
 .debug_info    0x00001fdc      0xa4c ./Core/Src/stm32f0xx_hal_msp.o
 .debug_info    0x00002a28      0x6d4 ./Core/Src/stm32f0xx_it.o
 .debug_info    0x000030fc      0x242 ./Core/Src/system_stm32f0xx.o
 .debug_info    0x0000333e       0x30 ./Core/Startup/startup_stm32f051r8tx.o
 .debug_info    0x0000336e      0x6a9 ./Drivers/STM32F0xx_HAL_Driver/Src/stm32f0xx_hal.o
 .debug_info    0x00003a17      0x6b3 ./Drivers/STM32F0xx_HAL_Driver/Src/stm32f0xx_hal_cortex.o
 .debug_info    0x000040ca      0x700 ./Drivers/STM32F0xx_HAL_Driver/Src/stm32f0xx_hal_dma.o
 .debug_info    0x000047ca      0x5b4 ./Drivers/STM32F0xx_HAL_Driver/Src/stm32f0xx_hal_gpio.o
 .debug_info    0x00004d7e      0x833 ./Drivers/STM32F0xx_HAL_Driver/Src/stm32f0xx_hal_rcc.o
 .debug_info    0x000055b1      0x36b ./Drivers/STM32F0xx_HAL_Driver/Src/stm32f0xx_hal_rcc_ex.o
 .debug_info    0x0000591c     0x3a9e ./Drivers/STM32F0xx_HAL_Driver/Src/stm32f0xx_hal_uart.o
 .debug_info    0x000093ba      0xc8a ./Drivers/STM32F0xx_HAL_Driver/Src/stm32f0xx_hal_uart_ex.o

.debug_abbrev   0x00000000     0x1cf5
 .debug_abbrev  0x00000000      0x379 ./Core/Src/SerialServo.o
 .debug_abbrev  0x00000379      0x2ca ./Core/Src/main.o
 .debug_abbrev  0x00000643      0x1ca ./Core/Src/stm32f0xx_hal_msp.o
 .debug_abbrev  0x0000080d      0x185 ./Core/Src/stm32f0xx_it.o
 .debug_abbrev  0x00000992      0x11c ./Core/Src/system_stm32f0xx.o
 .debug_abbrev  0x00000aae       0x24 ./Core/Startup/startup_stm32f051r8tx.o
 .debug_abbrev  0x00000ad2      0x247 ./Drivers/STM32F0xx_HAL_Driver/Src/stm32f0xx_hal.o
 .debug_abbrev  0x00000d19      0x28c ./Drivers/STM32F0xx_HAL_Driver/Src/stm32f0xx_hal_cortex.o
 .debug_abbrev  0x00000fa5      0x1ef ./Drivers/STM32F0xx_HAL_Driver/Src/stm32f0xx_hal_dma.o
 .debug_abbrev  0x00001194      0x1ca ./Drivers/STM32F0xx_HAL_Driver/Src/stm32f0xx_hal_gpio.o
 .debug_abbrev  0x0000135e      0x28c ./Drivers/STM32F0xx_HAL_Driver/Src/stm32f0xx_hal_rcc.o
 .debug_abbrev  0x000015ea      0x16f ./Drivers/STM32F0xx_HAL_Driver/Src/stm32f0xx_hal_rcc_ex.o
 .debug_abbrev  0x00001759      0x2e1 ./Drivers/STM32F0xx_HAL_Driver/Src/stm32f0xx_hal_uart.o
 .debug_abbrev  0x00001a3a      0x2bb ./Drivers/STM32F0xx_HAL_Driver/Src/stm32f0xx_hal_uart_ex.o

.debug_aranges  0x00000000      0x7c0
 .debug_aranges
                0x00000000       0xf0 ./Core/Src/SerialServo.o
 .debug_aranges
                0x000000f0       0x48 ./Core/Src/main.o
 .debug_aranges
                0x00000138       0x30 ./Core/Src/stm32f0xx_hal_msp.o
 .debug_aranges
                0x00000168       0x50 ./Core/Src/stm32f0xx_it.o
 .debug_aranges
                0x000001b8       0x28 ./Core/Src/system_stm32f0xx.o
 .debug_aranges
                0x000001e0       0x28 ./Core/Startup/startup_stm32f051r8tx.o
 .debug_aranges
                0x00000208       0xd0 ./Drivers/STM32F0xx_HAL_Driver/Src/stm32f0xx_hal.o
 .debug_aranges
                0x000002d8       0xc0 ./Drivers/STM32F0xx_HAL_Driver/Src/stm32f0xx_hal_cortex.o
 .debug_aranges
                0x00000398       0x88 ./Drivers/STM32F0xx_HAL_Driver/Src/stm32f0xx_hal_dma.o
 .debug_aranges
                0x00000420       0x58 ./Drivers/STM32F0xx_HAL_Driver/Src/stm32f0xx_hal_gpio.o
 .debug_aranges
                0x00000478       0x80 ./Drivers/STM32F0xx_HAL_Driver/Src/stm32f0xx_hal_rcc.o
 .debug_aranges
                0x000004f8       0x30 ./Drivers/STM32F0xx_HAL_Driver/Src/stm32f0xx_hal_rcc_ex.o
 .debug_aranges
                0x00000528      0x228 ./Drivers/STM32F0xx_HAL_Driver/Src/stm32f0xx_hal_uart.o
 .debug_aranges
                0x00000750       0x70 ./Drivers/STM32F0xx_HAL_Driver/Src/stm32f0xx_hal_uart_ex.o

.debug_rnglists
                0x00000000      0x5fc
 .debug_rnglists
                0x00000000       0xc2 ./Core/Src/SerialServo.o
 .debug_rnglists
                0x000000c2       0x34 ./Core/Src/main.o
 .debug_rnglists
                0x000000f6       0x20 ./Core/Src/stm32f0xx_hal_msp.o
 .debug_rnglists
                0x00000116       0x37 ./Core/Src/stm32f0xx_it.o
 .debug_rnglists
                0x0000014d       0x1a ./Core/Src/system_stm32f0xx.o
 .debug_rnglists
                0x00000167       0x19 ./Core/Startup/startup_stm32f051r8tx.o
 .debug_rnglists
                0x00000180       0x97 ./Drivers/STM32F0xx_HAL_Driver/Src/stm32f0xx_hal.o
 .debug_rnglists
                0x00000217       0x8c ./Drivers/STM32F0xx_HAL_Driver/Src/stm32f0xx_hal_cortex.o
 .debug_rnglists
                0x000002a3       0x6a ./Drivers/STM32F0xx_HAL_Driver/Src/stm32f0xx_hal_dma.o
 .debug_rnglists
                0x0000030d       0x3f ./Drivers/STM32F0xx_HAL_Driver/Src/stm32f0xx_hal_gpio.o
 .debug_rnglists
                0x0000034c       0x60 ./Drivers/STM32F0xx_HAL_Driver/Src/stm32f0xx_hal_rcc.o
 .debug_rnglists
                0x000003ac       0x21 ./Drivers/STM32F0xx_HAL_Driver/Src/stm32f0xx_hal_rcc_ex.o
 .debug_rnglists
                0x000003cd      0x1db ./Drivers/STM32F0xx_HAL_Driver/Src/stm32f0xx_hal_uart.o
 .debug_rnglists
                0x000005a8       0x54 ./Drivers/STM32F0xx_HAL_Driver/Src/stm32f0xx_hal_uart_ex.o

.debug_macro    0x00000000    0x11f06
 .debug_macro   0x00000000      0x2a6 ./Core/Src/SerialServo.o
 .debug_macro   0x000002a6      0xa8a ./Core/Src/SerialServo.o
 .debug_macro   0x00000d30       0x22 ./Core/Src/SerialServo.o
 .debug_macro   0x00000d52       0x5b ./Core/Src/SerialServo.o
 .debug_macro   0x00000dad       0x24 ./Core/Src/SerialServo.o
 .debug_macro   0x00000dd1       0x94 ./Core/Src/SerialServo.o
 .debug_macro   0x00000e65       0x43 ./Core/Src/SerialServo.o
 .debug_macro   0x00000ea8       0x34 ./Core/Src/SerialServo.o
 .debug_macro   0x00000edc       0x16 ./Core/Src/SerialServo.o
 .debug_macro   0x00000ef2       0x57 ./Core/Src/SerialServo.o
 .debug_macro   0x00000f49       0x9e ./Core/Src/SerialServo.o
 .debug_macro   0x00000fe7      0x369 ./Core/Src/SerialServo.o
 .debug_macro   0x00001350      0x10b ./Core/Src/SerialServo.o
 .debug_macro   0x0000145b       0x10 ./Core/Src/SerialServo.o
 .debug_macro   0x0000146b       0x16 ./Core/Src/SerialServo.o
 .debug_macro   0x00001481       0x43 ./Core/Src/SerialServo.o
 .debug_macro   0x000014c4       0x34 ./Core/Src/SerialServo.o
 .debug_macro   0x000014f8       0x10 ./Core/Src/SerialServo.o
 .debug_macro   0x00001508       0x58 ./Core/Src/SerialServo.o
 .debug_macro   0x00001560       0x8e ./Core/Src/SerialServo.o
 .debug_macro   0x000015ee       0x1c ./Core/Src/SerialServo.o
 .debug_macro   0x0000160a      0x177 ./Core/Src/SerialServo.o
 .debug_macro   0x00001781       0x16 ./Core/Src/SerialServo.o
 .debug_macro   0x00001797       0x16 ./Core/Src/SerialServo.o
 .debug_macro   0x000017ad      0x146 ./Core/Src/SerialServo.o
 .debug_macro   0x000018f3       0x22 ./Core/Src/SerialServo.o
 .debug_macro   0x00001915      0x12d ./Core/Src/SerialServo.o
 .debug_macro   0x00001a42       0x2e ./Core/Src/SerialServo.o
 .debug_macro   0x00001a70       0x22 ./Core/Src/SerialServo.o
 .debug_macro   0x00001a92      0x103 ./Core/Src/SerialServo.o
 .debug_macro   0x00001b95       0x6a ./Core/Src/SerialServo.o
 .debug_macro   0x00001bff      0x1df ./Core/Src/SerialServo.o
 .debug_macro   0x00001dde       0x1c ./Core/Src/SerialServo.o
 .debug_macro   0x00001dfa       0x22 ./Core/Src/SerialServo.o
 .debug_macro   0x00001e1c       0xaf ./Core/Src/SerialServo.o
 .debug_macro   0x00001ecb      0x391 ./Core/Src/SerialServo.o
 .debug_macro   0x0000225c     0x8d00 ./Core/Src/SerialServo.o
 .debug_macro   0x0000af5c       0x66 ./Core/Src/SerialServo.o
 .debug_macro   0x0000afc2     0x34da ./Core/Src/SerialServo.o
 .debug_macro   0x0000e49c       0x4f ./Core/Src/SerialServo.o
 .debug_macro   0x0000e4eb      0x924 ./Core/Src/SerialServo.o
 .debug_macro   0x0000ee0f      0x251 ./Core/Src/SerialServo.o
 .debug_macro   0x0000f060      0x1ae ./Core/Src/SerialServo.o
 .debug_macro   0x0000f20e      0x114 ./Core/Src/SerialServo.o
 .debug_macro   0x0000f322      0x1a0 ./Core/Src/SerialServo.o
 .debug_macro   0x0000f4c2      0x1ed ./Core/Src/SerialServo.o
 .debug_macro   0x0000f6af       0x34 ./Core/Src/SerialServo.o
 .debug_macro   0x0000f6e3       0x43 ./Core/Src/SerialServo.o
 .debug_macro   0x0000f726       0x28 ./Core/Src/SerialServo.o
 .debug_macro   0x0000f74e       0xb0 ./Core/Src/SerialServo.o
 .debug_macro   0x0000f7fe      0x199 ./Core/Src/SerialServo.o
 .debug_macro   0x0000f997      0x22c ./Core/Src/SerialServo.o
 .debug_macro   0x0000fbc3       0x61 ./Core/Src/SerialServo.o
 .debug_macro   0x0000fc24       0xa5 ./Core/Src/SerialServo.o
 .debug_macro   0x0000fcc9       0x4c ./Core/Src/SerialServo.o
 .debug_macro   0x0000fd15      0x112 ./Core/Src/SerialServo.o
 .debug_macro   0x0000fe27      0x5ba ./Core/Src/SerialServo.o
 .debug_macro   0x000103e1       0x3e ./Core/Src/SerialServo.o
 .debug_macro   0x0001041f      0x114 ./Core/Src/SerialServo.o
 .debug_macro   0x00010533       0xe2 ./Core/Src/SerialServo.o
 .debug_macro   0x00010615      0x2ac ./Core/Src/main.o
 .debug_macro   0x000108c1       0x8e ./Core/Src/main.o
 .debug_macro   0x0001094f       0x51 ./Core/Src/main.o
 .debug_macro   0x000109a0      0x189 ./Core/Src/main.o
 .debug_macro   0x00010b29       0x55 ./Core/Src/main.o
 .debug_macro   0x00010b7e       0x61 ./Core/Src/main.o
 .debug_macro   0x00010bdf       0x35 ./Core/Src/main.o
 .debug_macro   0x00010c14      0x1b8 ./Core/Src/stm32f0xx_hal_msp.o
 .debug_macro   0x00010dcc      0x1c2 ./Core/Src/stm32f0xx_it.o
 .debug_macro   0x00010f8e      0x1ae ./Core/Src/system_stm32f0xx.o
 .debug_macro   0x0001113c      0x1d2 ./Drivers/STM32F0xx_HAL_Driver/Src/stm32f0xx_hal.o
 .debug_macro   0x0001130e      0x1ae ./Drivers/STM32F0xx_HAL_Driver/Src/stm32f0xx_hal_cortex.o
 .debug_macro   0x000114bc      0x1ae ./Drivers/STM32F0xx_HAL_Driver/Src/stm32f0xx_hal_dma.o
 .debug_macro   0x0001166a      0x1b5 ./Drivers/STM32F0xx_HAL_Driver/Src/stm32f0xx_hal_gpio.o
 .debug_macro   0x0001181f      0x1c0 ./Drivers/STM32F0xx_HAL_Driver/Src/stm32f0xx_hal_rcc.o
 .debug_macro   0x000119df      0x1ae ./Drivers/STM32F0xx_HAL_Driver/Src/stm32f0xx_hal_rcc_ex.o
 .debug_macro   0x00011b8d      0x1cb ./Drivers/STM32F0xx_HAL_Driver/Src/stm32f0xx_hal_uart.o
 .debug_macro   0x00011d58      0x1ae ./Drivers/STM32F0xx_HAL_Driver/Src/stm32f0xx_hal_uart_ex.o

.debug_line     0x00000000     0xad80
 .debug_line    0x00000000     0x1041 ./Core/Src/SerialServo.o
 .debug_line    0x00001041      0xa55 ./Core/Src/main.o
 .debug_line    0x00001a96      0x7bc ./Core/Src/stm32f0xx_hal_msp.o
 .debug_line    0x00002252      0x7ce ./Core/Src/stm32f0xx_it.o
 .debug_line    0x00002a20      0x7a9 ./Core/Src/system_stm32f0xx.o
 .debug_line    0x000031c9       0x7b ./Core/Startup/startup_stm32f051r8tx.o
 .debug_line    0x00003244      0x9b4 ./Drivers/STM32F0xx_HAL_Driver/Src/stm32f0xx_hal.o
 .debug_line    0x00003bf8      0xa60 ./Drivers/STM32F0xx_HAL_Driver/Src/stm32f0xx_hal_cortex.o
 .debug_line    0x00004658      0xcd8 ./Drivers/STM32F0xx_HAL_Driver/Src/stm32f0xx_hal_dma.o
 .debug_line    0x00005330      0xb4d ./Drivers/STM32F0xx_HAL_Driver/Src/stm32f0xx_hal_gpio.o
 .debug_line    0x00005e7d      0xd99 ./Drivers/STM32F0xx_HAL_Driver/Src/stm32f0xx_hal_rcc.o
 .debug_line    0x00006c16      0x95a ./Drivers/STM32F0xx_HAL_Driver/Src/stm32f0xx_hal_rcc_ex.o
 .debug_line    0x00007570     0x2c5d ./Drivers/STM32F0xx_HAL_Driver/Src/stm32f0xx_hal_uart.o
 .debug_line    0x0000a1cd      0xbb3 ./Drivers/STM32F0xx_HAL_Driver/Src/stm32f0xx_hal_uart_ex.o

.debug_str      0x00000000    0x68f69
 .debug_str     0x00000000    0x6734f ./Core/Src/SerialServo.o
                              0x676c7 (size before relaxing)
 .debug_str     0x0006734f      0x4de ./Core/Src/main.o
                              0x6789e (size before relaxing)
 .debug_str     0x0006782d       0x74 ./Core/Src/stm32f0xx_hal_msp.o
                              0x63b66 (size before relaxing)
 .debug_str     0x000678a1       0xd4 ./Core/Src/stm32f0xx_it.o
                              0x6390f (size before relaxing)
 .debug_str     0x00067975       0x8b ./Core/Src/system_stm32f0xx.o
                              0x634e0 (size before relaxing)
 .debug_str     0x00067a00       0x44 ./Core/Startup/startup_stm32f051r8tx.o
                                 0x90 (size before relaxing)
 .debug_str     0x00067a44      0x37a ./Drivers/STM32F0xx_HAL_Driver/Src/stm32f0xx_hal.o
                              0x63aa6 (size before relaxing)
 .debug_str     0x00067dbe      0x18d ./Drivers/STM32F0xx_HAL_Driver/Src/stm32f0xx_hal_cortex.o
                              0x63897 (size before relaxing)
 .debug_str     0x00067f4b      0x24d ./Drivers/STM32F0xx_HAL_Driver/Src/stm32f0xx_hal_dma.o
                              0x63886 (size before relaxing)
 .debug_str     0x00068198      0x136 ./Drivers/STM32F0xx_HAL_Driver/Src/stm32f0xx_hal_gpio.o
                              0x63681 (size before relaxing)
 .debug_str     0x000682ce      0x21a ./Drivers/STM32F0xx_HAL_Driver/Src/stm32f0xx_hal_rcc.o
                              0x6391c (size before relaxing)
 .debug_str     0x000684e8       0x97 ./Drivers/STM32F0xx_HAL_Driver/Src/stm32f0xx_hal_rcc_ex.o
                              0x6363b (size before relaxing)
 .debug_str     0x0006857f      0x829 ./Drivers/STM32F0xx_HAL_Driver/Src/stm32f0xx_hal_uart.o
                              0x64244 (size before relaxing)
 .debug_str     0x00068da8      0x1c1 ./Drivers/STM32F0xx_HAL_Driver/Src/stm32f0xx_hal_uart_ex.o
                              0x63b75 (size before relaxing)

.comment        0x00000000       0x43
 .comment       0x00000000       0x43 ./Core/Src/SerialServo.o
                                 0x44 (size before relaxing)
 .comment       0x00000043       0x44 ./Core/Src/main.o
 .comment       0x00000043       0x44 ./Core/Src/stm32f0xx_hal_msp.o
 .comment       0x00000043       0x44 ./Core/Src/stm32f0xx_it.o
 .comment       0x00000043       0x44 ./Core/Src/system_stm32f0xx.o
 .comment       0x00000043       0x44 ./Drivers/STM32F0xx_HAL_Driver/Src/stm32f0xx_hal.o
 .comment       0x00000043       0x44 ./Drivers/STM32F0xx_HAL_Driver/Src/stm32f0xx_hal_cortex.o
 .comment       0x00000043       0x44 ./Drivers/STM32F0xx_HAL_Driver/Src/stm32f0xx_hal_dma.o
 .comment       0x00000043       0x44 ./Drivers/STM32F0xx_HAL_Driver/Src/stm32f0xx_hal_gpio.o
 .comment       0x00000043       0x44 ./Drivers/STM32F0xx_HAL_Driver/Src/stm32f0xx_hal_rcc.o
 .comment       0x00000043       0x44 ./Drivers/STM32F0xx_HAL_Driver/Src/stm32f0xx_hal_rcc_ex.o
 .comment       0x00000043       0x44 ./Drivers/STM32F0xx_HAL_Driver/Src/stm32f0xx_hal_uart.o
 .comment       0x00000043       0x44 ./Drivers/STM32F0xx_HAL_Driver/Src/stm32f0xx_hal_uart_ex.o

.debug_frame    0x00000000     0x1a94
 .debug_frame   0x00000000      0x3b8 ./Core/Src/SerialServo.o
 .debug_frame   0x000003b8       0xc8 ./Core/Src/main.o
 .debug_frame   0x00000480       0x70 ./Core/Src/stm32f0xx_hal_msp.o
 .debug_frame   0x000004f0       0xd4 ./Core/Src/stm32f0xx_it.o
 .debug_frame   0x000005c4       0x4c ./Core/Src/system_stm32f0xx.o
 .debug_frame   0x00000610      0x2a4 ./Drivers/STM32F0xx_HAL_Driver/Src/stm32f0xx_hal.o
 .debug_frame   0x000008b4      0x2a0 ./Drivers/STM32F0xx_HAL_Driver/Src/stm32f0xx_hal_cortex.o
 .debug_frame   0x00000b54      0x1d0 ./Drivers/STM32F0xx_HAL_Driver/Src/stm32f0xx_hal_dma.o
 .debug_frame   0x00000d24      0x110 ./Drivers/STM32F0xx_HAL_Driver/Src/stm32f0xx_hal_gpio.o
 .debug_frame   0x00000e34      0x198 ./Drivers/STM32F0xx_HAL_Driver/Src/stm32f0xx_hal_rcc.o
 .debug_frame   0x00000fcc       0x70 ./Drivers/STM32F0xx_HAL_Driver/Src/stm32f0xx_hal_rcc_ex.o
 .debug_frame   0x0000103c      0x850 ./Drivers/STM32F0xx_HAL_Driver/Src/stm32f0xx_hal_uart.o
 .debug_frame   0x0000188c      0x174 ./Drivers/STM32F0xx_HAL_Driver/Src/stm32f0xx_hal_uart_ex.o
 .debug_frame   0x00001a00       0x20 C:/ST/STM32CubeIDE_1.15.0/STM32CubeIDE/plugins/com.st.stm32cube.ide.mcu.externaltools.gnu-tools-for-stm32.12.3.rel1.win32_1.0.200.202406191623/tools/bin/../lib/gcc/arm-none-eabi/12.3.1/../../../../arm-none-eabi/lib/thumb/v6-m/nofp\libc_nano.a(libc_a-memset.o)
 .debug_frame   0x00001a20       0x2c C:/ST/STM32CubeIDE_1.15.0/STM32CubeIDE/plugins/com.st.stm32cube.ide.mcu.externaltools.gnu-tools-for-stm32.12.3.rel1.win32_1.0.200.202406191623/tools/bin/../lib/gcc/arm-none-eabi/12.3.1/../../../../arm-none-eabi/lib/thumb/v6-m/nofp\libc_nano.a(libc_a-init.o)
 .debug_frame   0x00001a4c       0x28 C:/ST/STM32CubeIDE_1.15.0/STM32CubeIDE/plugins/com.st.stm32cube.ide.mcu.externaltools.gnu-tools-for-stm32.12.3.rel1.win32_1.0.200.202406191623/tools/bin/../lib/gcc/arm-none-eabi/12.3.1/../../../../arm-none-eabi/lib/thumb/v6-m/nofp\libc_nano.a(libc_a-memcpy-stub.o)
 .debug_frame   0x00001a74       0x20 C:/ST/STM32CubeIDE_1.15.0/STM32CubeIDE/plugins/com.st.stm32cube.ide.mcu.externaltools.gnu-tools-for-stm32.12.3.rel1.win32_1.0.200.202406191623/tools/bin/../lib/gcc/arm-none-eabi/12.3.1/thumb/v6-m/nofp\libgcc.a(_udivsi3.o)

.debug_line_str
                0x00000000       0x74
 .debug_line_str
                0x00000000       0x74 ./Core/Startup/startup_stm32f051r8tx.o
