Archive member included to satisfy reference by file (symbol)

C:/ST/STM32CubeIDE_1.15.0/STM32CubeIDE/plugins/com.st.stm32cube.ide.mcu.externaltools.gnu-tools-for-stm32.12.3.rel1.win32_1.0.200.202406191623/tools/bin/../lib/gcc/arm-none-eabi/12.3.1/../../../../arm-none-eabi/lib/thumb/v6-m/nofp\libc_nano.a(libc_a-exit.o)
                              C:/ST/STM32CubeIDE_1.15.0/STM32CubeIDE/plugins/com.st.stm32cube.ide.mcu.externaltools.gnu-tools-for-stm32.12.3.rel1.win32_1.0.200.202406191623/tools/bin/../lib/gcc/arm-none-eabi/12.3.1/../../../../arm-none-eabi/lib/thumb/v6-m/nofp/crt0.o (exit)
C:/ST/STM32CubeIDE_1.15.0/STM32CubeIDE/plugins/com.st.stm32cube.ide.mcu.externaltools.gnu-tools-for-stm32.12.3.rel1.win32_1.0.200.202406191623/tools/bin/../lib/gcc/arm-none-eabi/12.3.1/../../../../arm-none-eabi/lib/thumb/v6-m/nofp\libc_nano.a(libc_a-findfp.o)
                              C:/ST/STM32CubeIDE_1.15.0/STM32CubeIDE/plugins/com.st.stm32cube.ide.mcu.externaltools.gnu-tools-for-stm32.12.3.rel1.win32_1.0.200.202406191623/tools/bin/../lib/gcc/arm-none-eabi/12.3.1/../../../../arm-none-eabi/lib/thumb/v6-m/nofp\libc_nano.a(libc_a-exit.o) (__stdio_exit_handler)
C:/ST/STM32CubeIDE_1.15.0/STM32CubeIDE/plugins/com.st.stm32cube.ide.mcu.externaltools.gnu-tools-for-stm32.12.3.rel1.win32_1.0.200.202406191623/tools/bin/../lib/gcc/arm-none-eabi/12.3.1/../../../../arm-none-eabi/lib/thumb/v6-m/nofp\libc_nano.a(libc_a-fwalk.o)
                              C:/ST/STM32CubeIDE_1.15.0/STM32CubeIDE/plugins/com.st.stm32cube.ide.mcu.externaltools.gnu-tools-for-stm32.12.3.rel1.win32_1.0.200.202406191623/tools/bin/../lib/gcc/arm-none-eabi/12.3.1/../../../../arm-none-eabi/lib/thumb/v6-m/nofp\libc_nano.a(libc_a-findfp.o) (_fwalk_sglue)
C:/ST/STM32CubeIDE_1.15.0/STM32CubeIDE/plugins/com.st.stm32cube.ide.mcu.externaltools.gnu-tools-for-stm32.12.3.rel1.win32_1.0.200.202406191623/tools/bin/../lib/gcc/arm-none-eabi/12.3.1/../../../../arm-none-eabi/lib/thumb/v6-m/nofp\libc_nano.a(libc_a-sprintf.o)
                              ./Core/Src/SerialServo.o (sprintf)
C:/ST/STM32CubeIDE_1.15.0/STM32CubeIDE/plugins/com.st.stm32cube.ide.mcu.externaltools.gnu-tools-for-stm32.12.3.rel1.win32_1.0.200.202406191623/tools/bin/../lib/gcc/arm-none-eabi/12.3.1/../../../../arm-none-eabi/lib/thumb/v6-m/nofp\libc_nano.a(libc_a-stdio.o)
                              C:/ST/STM32CubeIDE_1.15.0/STM32CubeIDE/plugins/com.st.stm32cube.ide.mcu.externaltools.gnu-tools-for-stm32.12.3.rel1.win32_1.0.200.202406191623/tools/bin/../lib/gcc/arm-none-eabi/12.3.1/../../../../arm-none-eabi/lib/thumb/v6-m/nofp\libc_nano.a(libc_a-findfp.o) (__sread)
C:/ST/STM32CubeIDE_1.15.0/STM32CubeIDE/plugins/com.st.stm32cube.ide.mcu.externaltools.gnu-tools-for-stm32.12.3.rel1.win32_1.0.200.202406191623/tools/bin/../lib/gcc/arm-none-eabi/12.3.1/../../../../arm-none-eabi/lib/thumb/v6-m/nofp\libc_nano.a(libc_a-memset.o)
                              C:/ST/STM32CubeIDE_1.15.0/STM32CubeIDE/plugins/com.st.stm32cube.ide.mcu.externaltools.gnu-tools-for-stm32.12.3.rel1.win32_1.0.200.202406191623/tools/bin/../lib/gcc/arm-none-eabi/12.3.1/../../../../arm-none-eabi/lib/thumb/v6-m/nofp/crt0.o (memset)
C:/ST/STM32CubeIDE_1.15.0/STM32CubeIDE/plugins/com.st.stm32cube.ide.mcu.externaltools.gnu-tools-for-stm32.12.3.rel1.win32_1.0.200.202406191623/tools/bin/../lib/gcc/arm-none-eabi/12.3.1/../../../../arm-none-eabi/lib/thumb/v6-m/nofp\libc_nano.a(libc_a-closer.o)
                              C:/ST/STM32CubeIDE_1.15.0/STM32CubeIDE/plugins/com.st.stm32cube.ide.mcu.externaltools.gnu-tools-for-stm32.12.3.rel1.win32_1.0.200.202406191623/tools/bin/../lib/gcc/arm-none-eabi/12.3.1/../../../../arm-none-eabi/lib/thumb/v6-m/nofp\libc_nano.a(libc_a-stdio.o) (_close_r)
C:/ST/STM32CubeIDE_1.15.0/STM32CubeIDE/plugins/com.st.stm32cube.ide.mcu.externaltools.gnu-tools-for-stm32.12.3.rel1.win32_1.0.200.202406191623/tools/bin/../lib/gcc/arm-none-eabi/12.3.1/../../../../arm-none-eabi/lib/thumb/v6-m/nofp\libc_nano.a(libc_a-reent.o)
                              C:/ST/STM32CubeIDE_1.15.0/STM32CubeIDE/plugins/com.st.stm32cube.ide.mcu.externaltools.gnu-tools-for-stm32.12.3.rel1.win32_1.0.200.202406191623/tools/bin/../lib/gcc/arm-none-eabi/12.3.1/../../../../arm-none-eabi/lib/thumb/v6-m/nofp\libc_nano.a(libc_a-closer.o) (errno)
C:/ST/STM32CubeIDE_1.15.0/STM32CubeIDE/plugins/com.st.stm32cube.ide.mcu.externaltools.gnu-tools-for-stm32.12.3.rel1.win32_1.0.200.202406191623/tools/bin/../lib/gcc/arm-none-eabi/12.3.1/../../../../arm-none-eabi/lib/thumb/v6-m/nofp\libc_nano.a(libc_a-impure.o)
                              C:/ST/STM32CubeIDE_1.15.0/STM32CubeIDE/plugins/com.st.stm32cube.ide.mcu.externaltools.gnu-tools-for-stm32.12.3.rel1.win32_1.0.200.202406191623/tools/bin/../lib/gcc/arm-none-eabi/12.3.1/../../../../arm-none-eabi/lib/thumb/v6-m/nofp\libc_nano.a(libc_a-sprintf.o) (_impure_ptr)
[...]
Memory Configuration

Name             Origin             Length             Attributes
RAM              0x20000000         0x00002000         xrw
FLASH            0x08000000         0x00010000         xr
*default*        0x00000000         0xffffffff

Linker script and memory map

LOAD C:/ST/STM32CubeIDE_1.15.0/STM32CubeIDE/plugins/com.st.stm32cube.ide.mcu.externaltools.gnu-tools-for-stm32.12.3.rel1.win32_1.0.200.202406191623/tools/bin/../lib/gcc/arm-none-eabi/12.3.1/thumb/v6-m/nofp/crti.o
LOAD C:/ST/STM32CubeIDE_1.15.0/STM32CubeIDE/plugins/com.st.stm32cube.ide.mcu.externaltools.gnu-tools-for-stm32.12.3.rel1.win32_1.0.200.202406191623/tools/bin/../lib/gcc/arm-none-eabi/12.3.1/thumb/v6-m/nofp/crtbegin.o
LOAD C:/ST/STM32CubeIDE_1.15.0/STM32CubeIDE/plugins/com.st.stm32cube.ide.mcu.externaltools.gnu-tools-for-stm32.12.3.rel1.win32_1.0.200.202406191623/tools/bin/../lib/gcc/arm-none-eabi/12.3.1/../../../../arm-none-eabi/lib/thumb/v6-m/nofp/crt0.o
LOAD ./Core/Src/SerialServo.o
LOAD ./Core/Src/main.o
LOAD ./Core/Src/stm32f0xx_hal_msp.o
LOAD ./Core/Src/stm32f0xx_it.o
LOAD ./Core/Src/syscalls.o
LOAD ./Core/Src/sysmem.o
LOAD ./Core/Src/system_stm32f0xx.o
LOAD ./Core/Startup/startup_stm32f051r8tx.o
LOAD ./Drivers/STM32F0xx_HAL_Driver/Src/stm32f0xx_hal.o
LOAD ./Drivers/STM32F0xx_HAL_Driver/Src/stm32f0xx_hal_cortex.o
LOAD ./Drivers/STM32F0xx_HAL_Driver/Src/stm32f0xx_hal_dma.o
LOAD ./Drivers/STM32F0xx_HAL_Driver/Src/stm32f0xx_hal_exti.o
LOAD ./Drivers/STM32F0xx_HAL_Driver/Src/stm32f0xx_hal_flash.o
LOAD ./Drivers/STM32F0xx_HAL_Driver/Src/stm32f0xx_hal_flash_ex.o
LOAD ./Drivers/STM32F0xx_HAL_Driver/Src/stm32f0xx_hal_gpio.o
LOAD ./Drivers/STM32F0xx_HAL_Driver/Src/stm32f0xx_hal_i2c.o
LOAD ./Drivers/STM32F0xx_HAL_Driver/Src/stm32f0xx_hal_i2c_ex.o
LOAD ./Drivers/STM32F0xx_HAL_Driver/Src/stm32f0xx_hal_pwr.o
LOAD ./Drivers/STM32F0xx_HAL_Driver/Src/stm32f0xx_hal_pwr_ex.o
LOAD ./Drivers/STM32F0xx_HAL_Driver/Src/stm32f0xx_hal_rcc.o
LOAD ./Drivers/STM32F0xx_HAL_Driver/Src/stm32f0xx_hal_rcc_ex.o
LOAD ./Drivers/STM32F0xx_HAL_Driver/Src/stm32f0xx_hal_tim.o
LOAD ./Drivers/STM32F0xx_HAL_Driver/Src/stm32f0xx_hal_tim_ex.o
LOAD ./Drivers/STM32F0xx_HAL_Driver/Src/stm32f0xx_hal_uart.o
LOAD ./Drivers/STM32F0xx_HAL_Driver/Src/stm32f0xx_hal_uart_ex.o
START GROUP
LOAD C:/ST/STM32CubeIDE_1.15.0/STM32CubeIDE/plugins/com.st.stm32cube.ide.mcu.externaltools.gnu-tools-for-stm32.12.3.rel1.win32_1.0.200.202406191623/tools/bin/../lib/gcc/arm-none-eabi/12.3.1/../../../../arm-none-eabi/lib/thumb/v6-m/nofp\libc_nano.a
LOAD C:/ST/STM32CubeIDE_1.15.0/STM32CubeIDE/plugins/com.st.stm32cube.ide.mcu.externaltools.gnu-tools-for-stm32.12.3.rel1.win32_1.0.200.202406191623/tools/bin/../lib/gcc/arm-none-eabi/12.3.1/../../../../arm-none-eabi/lib/thumb/v6-m/nofp\libm.a
END GROUP
START GROUP
LOAD C:/ST/STM32CubeIDE_1.15.0/STM32CubeIDE/plugins/com.st.stm32cube.ide.mcu.externaltools.gnu-tools-for-stm32.12.3.rel1.win32_1.0.200.202406191623/tools/bin/../lib/gcc/arm-none-eabi/12.3.1/thumb/v6-m/nofp\libgcc.a
LOAD C:/ST/STM32CubeIDE_1.15.0/STM32CubeIDE/plugins/com.st.stm32cube.ide.mcu.externaltools.gnu-tools-for-stm32.12.3.rel1.win32_1.0.200.202406191623/tools/bin/../lib/gcc/arm-none-eabi/12.3.1/../../../../arm-none-eabi/lib/thumb/v6-m/nofp\libc_nano.a
END GROUP
START GROUP
LOAD C:/ST/STM32CubeIDE_1.15.0/STM32CubeIDE/plugins/com.st.stm32cube.ide.mcu.externaltools.gnu-tools-for-stm32.12.3.rel1.win32_1.0.200.202406191623/tools/bin/../lib/gcc/arm-none-eabi/12.3.1/thumb/v6-m/nofp\libgcc.a
LOAD C:/ST/STM32CubeIDE_1.15.0/STM32CubeIDE/plugins/com.st.stm32cube.ide.mcu.externaltools.gnu-tools-for-stm32.12.3.rel1.win32_1.0.200.202406191623/tools/bin/../lib/gcc/arm-none-eabi/12.3.1/../../../../arm-none-eabi/lib/thumb/v6-m/nofp\libc_nano.a
LOAD C:/ST/STM32CubeIDE_1.15.0/STM32CubeIDE/plugins/com.st.stm32cube.ide.mcu.externaltools.gnu-tools-for-stm32.12.3.rel1.win32_1.0.200.202406191623/tools/bin/../lib/gcc/arm-none-eabi/12.3.1/../../../../arm-none-eabi/lib/thumb/v6-m/nofp\libnosys.a
END GROUP
START GROUP
LOAD C:/ST/STM32CubeIDE_1.15.0/STM32CubeIDE/plugins/com.st.stm32cube.ide.mcu.externaltools.gnu-tools-for-stm32.12.3.rel1.win32_1.0.200.202406191623/tools/bin/../lib/gcc/arm-none-eabi/12.3.1/thumb/v6-m/nofp\libgcc.a
LOAD C:/ST/STM32CubeIDE_1.15.0/STM32CubeIDE/plugins/com.st.stm32cube.ide.mcu.externaltools.gnu-tools-for-stm32.12.3.rel1.win32_1.0.200.202406191623/tools/bin/../lib/gcc/arm-none-eabi/12.3.1/../../../../arm-none-eabi/lib/thumb/v6-m/nofp\libc_nano.a
LOAD C:/ST/STM32CubeIDE_1.15.0/STM32CubeIDE/plugins/com.st.stm32cube.ide.mcu.externaltools.gnu-tools-for-stm32.12.3.rel1.win32_1.0.200.202406191623/tools/bin/../lib/gcc/arm-none-eabi/12.3.1/../../../../arm-none-eabi/lib/thumb/v6-m/nofp\libnosys.a
END GROUP
LOAD C:/ST/STM32CubeIDE_1.15.0/STM32CubeIDE/plugins/com.st.stm32cube.ide.mcu.externaltools.gnu-tools-for-stm32.12.3.rel1.win32_1.0.200.202406191623/tools/bin/../lib/gcc/arm-none-eabi/12.3.1/thumb/v6-m/nofp/crtend.o
LOAD C:/ST/STM32CubeIDE_1.15.0/STM32CubeIDE/plugins/com.st.stm32cube.ide.mcu.externaltools.gnu-tools-for-stm32.12.3.rel1.win32_1.0.200.202406191623/tools/bin/../lib/gcc/arm-none-eabi/12.3.1/thumb/v6-m/nofp/crtn.o
                0x20002000                        _estack = (ORIGIN (RAM) + LENGTH (RAM))
                0x00000200                        _Min_Heap_Size = 0x200
                0x00000400                        _Min_Stack_Size = 0x400

.isr_vector     0x08000000       0xc0
                0x08000000                        . = ALIGN (0x4)
 *(.isr_vector)
 .isr_vector    0x08000000       0xc0 ./Core/Startup/startup_stm32f051r8tx.o
                0x08000000                g_pfnVectors
                0x080000c0                        . = ALIGN (0x4)

.text           0x080000c0     0x32d4
                0x080000c0                        . = ALIGN (0x4)
 *(.text)
 .text          0x080000c0       0x48 C:/ST/STM32CubeIDE_1.15.0/STM32CubeIDE/plugins/com.st.stm32cube.ide.mcu.externaltools.gnu-tools-for-stm32.12.3.rel1.win32_1.0.200.202406191623/tools/bin/../lib/gcc/arm-none-eabi/12.3.1/thumb/v6-m/nofp/crtbegin.o
 .text          0x08000108      0x114 C:/ST/STM32CubeIDE_1.15.0/STM32CubeIDE/plugins/com.st.stm32cube.ide.mcu.externaltools.gnu-tools-for-stm32.12.3.rel1.win32_1.0.200.202406191623/tools/bin/../lib/gcc/arm-none-eabi/12.3.1/thumb/v6-m/nofp\libgcc.a(_udivsi3.o)
                0x08000108                __aeabi_uidiv
                0x08000108                __udivsi3
                0x08000214                __aeabi_uidivmod
 .text          0x0800021c        0x4 C:/ST/STM32CubeIDE_1.15.0/STM32CubeIDE/plugins/com.st.stm32cube.ide.mcu.externaltools.gnu-tools-for-stm32.12.3.rel1.win32_1.0.200.202406191623/tools/bin/../lib/gcc/arm-none-eabi/12.3.1/thumb/v6-m/nofp\libgcc.a(_dvmd_tls.o)
                0x0800021c                __aeabi_idiv0
                0x0800021c                __aeabi_ldiv0
 *(.text*)
 .text.Sync_write
                0x08000220      0x27c ./Core/Src/SerialServo.o
                0x08000220                Sync_write
 .text.struct_to_arr
                0x0800049c       0xbc ./Core/Src/SerialServo.o
                0x0800049c                struct_to_arr
 .text.int_to_hex
                0x08000558       0x5c ./Core/Src/SerialServo.o
                0x08000558                int_to_hex
 .text.arr_to_struct
                0x080005b4      0x154 ./Core/Src/SerialServo.o
                0x080005b4                arr_to_struct
 .text.AxelFlow_fire
                0x08000708      0x344 ./Core/Src/SerialServo.o
                0x08000708                AxelFlow_fire
 .text.getChecksum
                0x08000a4c       0x68 ./Core/Src/SerialServo.o
                0x08000a4c                getChecksum
 .text.main     0x08000ab4       0xf8 ./Core/Src/main.o
                0x08000ab4                main
 .text.SystemClock_Config
                0x08000bac       0xc2 ./Core/Src/main.o
                0x08000bac                SystemClock_Config
 *fill*         0x08000c6e        0x2 
 .text.MX_USART1_UART_Init
                0x08000c70       0x60 ./Core/Src/main.o
 .text.MX_USART2_UART_Init
                0x08000cd0       0x64 ./Core/Src/main.o
 .text.MX_GPIO_Init
                0x08000d34       0x8c ./Core/Src/main.o
 .text.Error_Handler
                0x08000dc0        0xc ./Core/Src/main.o
                0x08000dc0                Error_Handler
 .text.HAL_MspInit
                0x08000dcc       0x48 ./Core/Src/stm32f0xx_hal_msp.o
                0x08000dcc                HAL_MspInit
 .text.HAL_UART_MspInit
                0x08000e14      0x120 ./Core/Src/stm32f0xx_hal_msp.o
                0x08000e14                HAL_UART_MspInit
 .text.NMI_Handler
                0x08000f34        0x8 ./Core/Src/stm32f0xx_it.o
                0x08000f34                NMI_Handler
 .text.HardFault_Handler
                0x08000f3c        0x8 ./Core/Src/stm32f0xx_it.o
                0x08000f3c                HardFault_Handler
 .text.SVC_Handler
                0x08000f44        0xa ./Core/Src/stm32f0xx_it.o
                0x08000f44                SVC_Handler
 .text.PendSV_Handler
                0x08000f4e        0xa ./Core/Src/stm32f0xx_it.o
                0x08000f4e                PendSV_Handler
 .text.SysTick_Handler
                0x08000f58        0xe ./Core/Src/stm32f0xx_it.o
                0x08000f58                SysTick_Handler
 .text.EXTI0_1_IRQHandler
                0x08000f66       0x10 ./Core/Src/stm32f0xx_it.o
                0x08000f66                EXTI0_1_IRQHandler
 *fill*         0x08000f76        0x2 
 .text.USART2_IRQHandler
                0x08000f78       0x18 ./Core/Src/stm32f0xx_it.o
                0x08000f78                USART2_IRQHandler
 .text.SystemInit
                0x08000f90        0xa ./Core/Src/system_stm32f0xx.o
                0x08000f90                SystemInit
 *fill*         0x08000f9a        0x2 
 .text.Reset_Handler
                0x08000f9c       0x50 ./Core/Startup/startup_stm32f051r8tx.o
                0x08000f9c                Reset_Handler
 .text.Default_Handler
                0x08000fec        0x2 ./Core/Startup/startup_stm32f051r8tx.o
                0x08000fec                TIM1_CC_IRQHandler
                0x08000fec                TSC_IRQHandler
                0x08000fec                ADC1_COMP_IRQHandler
                0x08000fec                PVD_IRQHandler
                0x08000fec                I2C1_IRQHandler
                0x08000fec                RCC_CRS_IRQHandler
                0x08000fec                SPI1_IRQHandler
                0x08000fec                TIM6_DAC_IRQHandler
                0x08000fec                EXTI2_3_IRQHandler
                0x08000fec                I2C2_IRQHandler
                0x08000fec                TIM17_IRQHandler
                0x08000fec                CEC_CAN_IRQHandler
                0x08000fec                RTC_IRQHandler
                0x08000fec                TIM16_IRQHandler
                0x08000fec                TIM3_IRQHandler
                0x08000fec                EXTI4_15_IRQHandler
                0x08000fec                DMA1_Channel1_IRQHandler
                0x08000fec                Default_Handler
                0x08000fec                TIM14_IRQHandler
                0x08000fec                DMA1_Channel4_5_IRQHandler
                0x08000fec                TIM15_IRQHandler
                0x08000fec                SPI2_IRQHandler
                0x08000fec                WWDG_IRQHandler
                0x08000fec                TIM2_IRQHandler
                0x08000fec                DMA1_Channel2_3_IRQHandler
                0x08000fec                FLASH_IRQHandler
                0x08000fec                USART1_IRQHandler
                0x08000fec                TIM1_BRK_UP_TRG_COM_IRQHandler
 *fill*         0x08000fee        0x2 
 .text.HAL_Init
                0x08000ff0       0x28 ./Drivers/STM32F0xx_HAL_Driver/Src/stm32f0xx_hal.o
                0x08000ff0                HAL_Init
 .text.HAL_InitTick
                0x08001018       0x68 ./Drivers/STM32F0xx_HAL_Driver/Src/stm32f0xx_hal.o
                0x08001018                HAL_InitTick
 .text.HAL_IncTick
                0x08001080       0x24 ./Drivers/STM32F0xx_HAL_Driver/Src/stm32f0xx_hal.o
                0x08001080                HAL_IncTick
 .text.HAL_GetTick
                0x080010a4       0x14 ./Drivers/STM32F0xx_HAL_Driver/Src/stm32f0xx_hal.o
                0x080010a4                HAL_GetTick
 .text.HAL_Delay
                0x080010b8       0x48 ./Drivers/STM32F0xx_HAL_Driver/Src/stm32f0xx_hal.o
                0x080010b8                HAL_Delay
 .text.__NVIC_EnableIRQ
                0x08001100       0x34 ./Drivers/STM32F0xx_HAL_Driver/Src/stm32f0xx_hal_cortex.o
 .text.__NVIC_SetPriority
                0x08001134       0xdc ./Drivers/STM32F0xx_HAL_Driver/Src/stm32f0xx_hal_cortex.o
 .text.SysTick_Config
                0x08001210       0x48 ./Drivers/STM32F0xx_HAL_Driver/Src/stm32f0xx_hal_cortex.o
 .text.HAL_NVIC_SetPriority
                0x08001258       0x2a ./Drivers/STM32F0xx_HAL_Driver/Src/stm32f0xx_hal_cortex.o
                0x08001258                HAL_NVIC_SetPriority
 .text.HAL_NVIC_EnableIRQ
                0x08001282       0x20 ./Drivers/STM32F0xx_HAL_Driver/Src/stm32f0xx_hal_cortex.o
                0x08001282                HAL_NVIC_EnableIRQ
 .text.HAL_SYSTICK_Config
                0x080012a2       0x1a ./Drivers/STM32F0xx_HAL_Driver/Src/stm32f0xx_hal_cortex.o
                0x080012a2                HAL_SYSTICK_Config
 .text.HAL_DMA_Abort
                0x080012bc       0x70 ./Drivers/STM32F0xx_HAL_Driver/Src/stm32f0xx_hal_dma.o
                0x080012bc                HAL_DMA_Abort
 .text.HAL_DMA_Abort_IT
                0x0800132c       0x8a ./Drivers/STM32F0xx_HAL_Driver/Src/stm32f0xx_hal_dma.o
                0x0800132c                HAL_DMA_Abort_IT
 *fill*         0x080013b6        0x2 
 .text.HAL_GPIO_Init
                0x080013b8      0x2e0 ./Drivers/STM32F0xx_HAL_Driver/Src/stm32f0xx_hal_gpio.o
                0x080013b8                HAL_GPIO_Init
 .text.HAL_GPIO_EXTI_IRQHandler
                0x08001698       0x38 ./Drivers/STM32F0xx_HAL_Driver/Src/stm32f0xx_hal_gpio.o
                0x08001698                HAL_GPIO_EXTI_IRQHandler
 .text.HAL_GPIO_EXTI_Callback
                0x080016d0       0x14 ./Drivers/STM32F0xx_HAL_Driver/Src/stm32f0xx_hal_gpio.o
                0x080016d0                HAL_GPIO_EXTI_Callback
 .text.HAL_RCC_OscConfig
                0x080016e4      0x634 ./Drivers/STM32F0xx_HAL_Driver/Src/stm32f0xx_hal_rcc.o
                0x080016e4                HAL_RCC_OscConfig
 .text.HAL_RCC_ClockConfig
                0x08001d18      0x19c ./Drivers/STM32F0xx_HAL_Driver/Src/stm32f0xx_hal_rcc.o
                0x08001d18                HAL_RCC_ClockConfig
 .text.HAL_RCC_GetSysClockFreq
                0x08001eb4       0xac ./Drivers/STM32F0xx_HAL_Driver/Src/stm32f0xx_hal_rcc.o
                0x08001eb4                HAL_RCC_GetSysClockFreq
 .text.HAL_RCC_GetHCLKFreq
                0x08001f60       0x14 ./Drivers/STM32F0xx_HAL_Driver/Src/stm32f0xx_hal_rcc.o
                0x08001f60                HAL_RCC_GetHCLKFreq
 .text.HAL_RCC_GetPCLK1Freq
                0x08001f74       0x2c ./Drivers/STM32F0xx_HAL_Driver/Src/stm32f0xx_hal_rcc.o
                0x08001f74                HAL_RCC_GetPCLK1Freq
 .text.HAL_RCCEx_PeriphCLKConfig
                0x08001fa0      0x1bc ./Drivers/STM32F0xx_HAL_Driver/Src/stm32f0xx_hal_rcc_ex.o
                0x08001fa0                HAL_RCCEx_PeriphCLKConfig
 .text.HAL_UART_Init
                0x0800215c       0xa8 ./Drivers/STM32F0xx_HAL_Driver/Src/stm32f0xx_hal_uart.o
                0x0800215c                HAL_UART_Init
 .text.HAL_HalfDuplex_Init
                0x08002204       0xb8 ./Drivers/STM32F0xx_HAL_Driver/Src/stm32f0xx_hal_uart.o
                0x08002204                HAL_HalfDuplex_Init
 .text.HAL_UART_Transmit
                0x080022bc      0x13e ./Drivers/STM32F0xx_HAL_Driver/Src/stm32f0xx_hal_uart.o
                0x080022bc                HAL_UART_Transmit
 *fill*         0x080023fa        0x2 
 .text.HAL_UART_Receive
                0x080023fc      0x1a8 ./Drivers/STM32F0xx_HAL_Driver/Src/stm32f0xx_hal_uart.o
                0x080023fc                HAL_UART_Receive
 .text.HAL_UART_IRQHandler
                0x080025a4      0x5c0 ./Drivers/STM32F0xx_HAL_Driver/Src/stm32f0xx_hal_uart.o
                0x080025a4                HAL_UART_IRQHandler
 .text.HAL_UART_TxCpltCallback
                0x08002b64       0x10 ./Drivers/STM32F0xx_HAL_Driver/Src/stm32f0xx_hal_uart.o
                0x08002b64                HAL_UART_TxCpltCallback
 .text.HAL_UART_ErrorCallback
                0x08002b74       0x10 ./Drivers/STM32F0xx_HAL_Driver/Src/stm32f0xx_hal_uart.o
                0x08002b74                HAL_UART_ErrorCallback
 .text.HAL_UARTEx_RxEventCallback
                0x08002b84       0x16 ./Drivers/STM32F0xx_HAL_Driver/Src/stm32f0xx_hal_uart.o
                0x08002b84                HAL_UARTEx_RxEventCallback
 *fill*         0x08002b9a        0x2 
 .text.UART_SetConfig
                0x08002b9c      0x280 ./Drivers/STM32F0xx_HAL_Driver/Src/stm32f0xx_hal_uart.o
                0x08002b9c                UART_SetConfig
 .text.UART_AdvFeatureConfig
                0x08002e1c      0x168 ./Drivers/STM32F0xx_HAL_Driver/Src/stm32f0xx_hal_uart.o
                0x08002e1c                UART_AdvFeatureConfig
 .text.UART_CheckIdleState
                0x08002f84      0x150 ./Drivers/STM32F0xx_HAL_Driver/Src/stm32f0xx_hal_uart.o
                0x08002f84                UART_CheckIdleState
 .text.UART_WaitOnFlagUntilTimeout
                0x080030d4       0xde ./Drivers/STM32F0xx_HAL_Driver/Src/stm32f0xx_hal_uart.o
                0x080030d4                UART_WaitOnFlagUntilTimeout
 *fill*         0x080031b2        0x2 
 .text.UART_EndRxTransfer
                0x080031b4       0xc8 ./Drivers/STM32F0xx_HAL_Driver/Src/stm32f0xx_hal_uart.o
 .text.UART_DMAAbortOnError
                0x0800327c       0x2e ./Drivers/STM32F0xx_HAL_Driver/Src/stm32f0xx_hal_uart.o
 .text.UART_EndTransmit_IT
                0x080032aa       0x56 ./Drivers/STM32F0xx_HAL_Driver/Src/stm32f0xx_hal_uart.o
 .text.HAL_UARTEx_WakeupCallback
                0x08003300       0x10 ./Drivers/STM32F0xx_HAL_Driver/Src/stm32f0xx_hal_uart_ex.o
                0x08003300                HAL_UARTEx_WakeupCallback
 .text.memset   0x08003310       0x10 C:/ST/STM32CubeIDE_1.15.0/STM32CubeIDE/plugins/com.st.stm32cube.ide.mcu.externaltools.gnu-tools-for-stm32.12.3.rel1.win32_1.0.200.202406191623/tools/bin/../lib/gcc/arm-none-eabi/12.3.1/../../../../arm-none-eabi/lib/thumb/v6-m/nofp\libc_nano.a(libc_a-memset.o)
                0x08003310                memset
 .text.__libc_init_array
                0x08003320       0x48 C:/ST/STM32CubeIDE_1.15.0/STM32CubeIDE/plugins/com.st.stm32cube.ide.mcu.externaltools.gnu-tools-for-stm32.12.3.rel1.win32_1.0.200.202406191623/tools/bin/../lib/gcc/arm-none-eabi/12.3.1/../../../../arm-none-eabi/lib/thumb/v6-m/nofp\libc_nano.a(libc_a-init.o)
                0x08003320                __libc_init_array
 .text.memcpy   0x08003368       0x12 C:/ST/STM32CubeIDE_1.15.0/STM32CubeIDE/plugins/com.st.stm32cube.ide.mcu.externaltools.gnu-tools-for-stm32.12.3.rel1.win32_1.0.200.202406191623/tools/bin/../lib/gcc/arm-none-eabi/12.3.1/../../../../arm-none-eabi/lib/thumb/v6-m/nofp\libc_nano.a(libc_a-memcpy-stub.o)
                0x08003368                memcpy
 *(.glue_7)
 .glue_7        0x0800337a        0x0 linker stubs
 *(.glue_7t)
 .glue_7t       0x0800337a        0x0 linker stubs
 *(.eh_frame)
 *fill*         0x0800337a        0x2 
 .eh_frame      0x0800337c        0x0 C:/ST/STM32CubeIDE_1.15.0/STM32CubeIDE/plugins/com.st.stm32cube.ide.mcu.externaltools.gnu-tools-for-stm32.12.3.rel1.win32_1.0.200.202406191623/tools/bin/../lib/gcc/arm-none-eabi/12.3.1/thumb/v6-m/nofp/crtbegin.o
 *(.init)
 .init          0x0800337c        0x4 C:/ST/STM32CubeIDE_1.15.0/STM32CubeIDE/plugins/com.st.stm32cube.ide.mcu.externaltools.gnu-tools-for-stm32.12.3.rel1.win32_1.0.200.202406191623/tools/bin/../lib/gcc/arm-none-eabi/12.3.1/thumb/v6-m/nofp/crti.o
                0x0800337c                _init
 .init          0x08003380        0x8 C:/ST/STM32CubeIDE_1.15.0/STM32CubeIDE/plugins/com.st.stm32cube.ide.mcu.externaltools.gnu-tools-for-stm32.12.3.rel1.win32_1.0.200.202406191623/tools/bin/../lib/gcc/arm-none-eabi/12.3.1/thumb/v6-m/nofp/crtn.o
 *(.fini)
 .fini          0x08003388        0x4 C:/ST/STM32CubeIDE_1.15.0/STM32CubeIDE/plugins/com.st.stm32cube.ide.mcu.externaltools.gnu-tools-for-stm32.12.3.rel1.win32_1.0.200.202406191623/tools/bin/../lib/gcc/arm-none-eabi/12.3.1/thumb/v6-m/nofp/crti.o
                0x08003388                _fini
 .fini          0x0800338c        0x8 C:/ST/STM32CubeIDE_1.15.0/STM32CubeIDE/plugins/com.st.stm32cube.ide.mcu.externaltools.gnu-tools-for-stm32.12.3.rel1.win32_1.0.200.202406191623/tools/bin/../lib/gcc/arm-none-eabi/12.3.1/thumb/v6-m/nofp/crtn.o
                0x08003394                        . = ALIGN (0x4)
                0x08003394                        _etext = .

.vfp11_veneer   0x08003394        0x0
 .vfp11_veneer  0x08003394        0x0 linker stubs

.v4_bx          0x08003394        0x0
 .v4_bx         0x08003394        0x0 linker stubs

.iplt           0x08003394        0x0
 .iplt          0x08003394        0x0 C:/ST/STM32CubeIDE_1.15.0/STM32CubeIDE/plugins/com.st.stm32cube.ide.mcu.externaltools.gnu-tools-for-stm32.12.3.rel1.win32_1.0.200.202406191623/tools/bin/../lib/gcc/arm-none-eabi/12.3.1/thumb/v6-m/nofp/crtbegin.o

.rodata         0x08003394       0x48
                0x08003394                        . = ALIGN (0x4)
 *(.rodata)
 .rodata        0x08003394       0x10 ./Core/Src/main.o
 *(.rodata*)
 .rodata.AHBPrescTable
                0x080033a4       0x10 ./Core/Src/system_stm32f0xx.o
                0x080033a4                AHBPrescTable
 .rodata.APBPrescTable
                0x080033b4        0x8 ./Core/Src/system_stm32f0xx.o
                0x080033b4                APBPrescTable
 .rodata.aPLLMULFactorTable.1
                0x080033bc       0x10 ./Drivers/STM32F0xx_HAL_Driver/Src/stm32f0xx_hal_rcc.o
 .rodata.aPredivFactorTable.0
                0x080033cc       0x10 ./Drivers/STM32F0xx_HAL_Driver/Src/stm32f0xx_hal_rcc.o
                0x080033dc                        . = ALIGN (0x4)

.ARM.extab      0x080033dc        0x0
                0x080033dc                        . = ALIGN (0x4)
 *(.ARM.extab* .gnu.linkonce.armextab.*)
                0x080033dc                        . = ALIGN (0x4)

.ARM            0x080033dc        0x0
                0x080033dc                        . = ALIGN (0x4)
                0x080033dc                        __exidx_start = .
 *(.ARM.exidx*)
                0x080033dc                        __exidx_end = .
                0x080033dc                        . = ALIGN (0x4)

.preinit_array  0x080033dc        0x0
                0x080033dc                        . = ALIGN (0x4)
                0x080033dc                        PROVIDE (__preinit_array_start = .)
 *(.preinit_array*)
                0x080033dc                        PROVIDE (__preinit_array_end = .)
                0x080033dc                        . = ALIGN (0x4)

.init_array     0x080033dc        0x4
                0x080033dc                        . = ALIGN (0x4)
                0x080033dc                        PROVIDE (__init_array_start = .)
 *(SORT_BY_NAME(.init_array.*))
 *(.init_array*)
 .init_array    0x080033dc        0x4 C:/ST/STM32CubeIDE_1.15.0/STM32CubeIDE/plugins/com.st.stm32cube.ide.mcu.externaltools.gnu-tools-for-stm32.12.3.rel1.win32_1.0.200.202406191623/tools/bin/../lib/gcc/arm-none-eabi/12.3.1/thumb/v6-m/nofp/crtbegin.o
                0x080033e0                        PROVIDE (__init_array_end = .)
                0x080033e0                        . = ALIGN (0x4)

.fini_array     0x080033e0        0x4
                0x080033e0                        . = ALIGN (0x4)
                [!provide]                        PROVIDE (__fini_array_start = .)
 *(SORT_BY_NAME(.fini_array.*))
 *(.fini_array*)
 .fini_array    0x080033e0        0x4 C:/ST/STM32CubeIDE_1.15.0/STM32CubeIDE/plugins/com.st.stm32cube.ide.mcu.externaltools.gnu-tools-for-stm32.12.3.rel1.win32_1.0.200.202406191623/tools/bin/../lib/gcc/arm-none-eabi/12.3.1/thumb/v6-m/nofp/crtbegin.o
                [!provide]                        PROVIDE (__fini_array_end = .)
                0x080033e4                        . = ALIGN (0x4)
                0x080033e4                        _sidata = LOADADDR (.data)

.rel.dyn        0x080033e4        0x0
 .rel.iplt      0x080033e4        0x0 C:/ST/STM32CubeIDE_1.15.0/STM32CubeIDE/plugins/com.st.stm32cube.ide.mcu.externaltools.gnu-tools-for-stm32.12.3.rel1.win32_1.0.200.202406191623/tools/bin/../lib/gcc/arm-none-eabi/12.3.1/thumb/v6-m/nofp/crtbegin.o

.data           0x20000000        0xc load address 0x080033e4
                0x20000000                        . = ALIGN (0x4)
                0x20000000                        _sdata = .
 *(.data)
 *(.data*)
 .data.SystemCoreClock
                0x20000000        0x4 ./Core/Src/system_stm32f0xx.o
                0x20000000                SystemCoreClock
 .data.uwTickPrio
                0x20000004        0x4 ./Drivers/STM32F0xx_HAL_Driver/Src/stm32f0xx_hal.o
                0x20000004                uwTickPrio
 .data.uwTickFreq
                0x20000008        0x1 ./Drivers/STM32F0xx_HAL_Driver/Src/stm32f0xx_hal.o
                0x20000008                uwTickFreq
 *(.RamFunc)
 *(.RamFunc*)
                0x2000000c                        . = ALIGN (0x4)
 *fill*         0x20000009        0x3 
                0x2000000c                        _edata = .

.igot.plt       0x2000000c        0x0 load address 0x080033f0
 .igot.plt      0x2000000c        0x0 C:/ST/STM32CubeIDE_1.15.0/STM32CubeIDE/plugins/com.st.stm32cube.ide.mcu.externaltools.gnu-tools-for-stm32.12.3.rel1.win32_1.0.200.202406191623/tools/bin/../lib/gcc/arm-none-eabi/12.3.1/thumb/v6-m/nofp/crtbegin.o
                0x2000000c                        . = ALIGN (0x4)

.bss            0x2000000c      0x150 load address 0x080033f0
                0x2000000c                        _sbss = .
                0x2000000c                        __bss_start__ = _sbss
 *(.bss)
 .bss           0x2000000c       0x1c C:/ST/STM32CubeIDE_1.15.0/STM32CubeIDE/plugins/com.st.stm32cube.ide.mcu.externaltools.gnu-tools-for-stm32.12.3.rel1.win32_1.0.200.202406191623/tools/bin/../lib/gcc/arm-none-eabi/12.3.1/thumb/v6-m/nofp/crtbegin.o
 *(.bss*)
 .bss.packet    0x20000028       0x10 ./Core/Src/SerialServo.o
                0x20000028                packet
 .bss.info_array
                0x20000038        0xf ./Core/Src/SerialServo.o
                0x20000038                info_array
 *fill*         0x20000047        0x1 
 .bss.huart1    0x20000048       0x88 ./Core/Src/main.o
                0x20000048                huart1
 .bss.huart2    0x200000d0       0x88 ./Core/Src/main.o
                0x200000d0                huart2
 .bss.uwTick    0x20000158        0x4 ./Drivers/STM32F0xx_HAL_Driver/Src/stm32f0xx_hal.o
                0x20000158                uwTick
 *(COMMON)
                0x2000015c                        . = ALIGN (0x4)
                0x2000015c                        _ebss = .
                0x2000015c                        __bss_end__ = _ebss

._user_heap_stack
                0x2000015c      0x604 load address 0x080033f0
                0x20000160                        . = ALIGN (0x8)
 *fill*         0x2000015c        0x4 
                [!provide]                        PROVIDE (end = .)
                0x20000160                        PROVIDE (_end = .)
                0x20000360                        . = (. + _Min_Heap_Size)
 *fill*         0x20000160      0x200 
                0x20000760                        . = (. + _Min_Stack_Size)
 *fill*         0x20000360      0x400 
                0x20000760                        . = ALIGN (0x8)

/DISCARD/
 libc.a(*)
 libm.a(*)
 libgcc.a(*)

.ARM.attributes
                0x00000000       0x28
 *(.ARM.attributes)
 .ARM.attributes
                0x00000000       0x1e C:/ST/STM32CubeIDE_1.15.0/STM32CubeIDE/plugins/com.st.stm32cube.ide.mcu.externaltools.gnu-tools-for-stm32.12.3.rel1.win32_1.0.200.202406191623/tools/bin/../lib/gcc/arm-none-eabi/12.3.1/thumb/v6-m/nofp/crti.o
 .ARM.attributes
                0x0000001e       0x2c C:/ST/STM32CubeIDE_1.15.0/STM32CubeIDE/plugins/com.st.stm32cube.ide.mcu.externaltools.gnu-tools-for-stm32.12.3.rel1.win32_1.0.200.202406191623/tools/bin/../lib/gcc/arm-none-eabi/12.3.1/thumb/v6-m/nofp/crtbegin.o
 .ARM.attributes
                0x0000004a       0x2c ./Core/Src/SerialServo.o
 .ARM.attributes
                0x00000076       0x2c ./Core/Src/main.o
 .ARM.attributes
                0x000000a2       0x2c ./Core/Src/stm32f0xx_hal_msp.o
 .ARM.attributes
                0x000000ce       0x2c ./Core/Src/stm32f0xx_it.o
 .ARM.attributes
                0x000000fa       0x2c ./Core/Src/system_stm32f0xx.o
 .ARM.attributes
                0x00000126       0x21 ./Core/Startup/startup_stm32f051r8tx.o
 .ARM.attributes
                0x00000147       0x2c ./Drivers/STM32F0xx_HAL_Driver/Src/stm32f0xx_hal.o
 .ARM.attributes
                0x00000173       0x2c ./Drivers/STM32F0xx_HAL_Driver/Src/stm32f0xx_hal_cortex.o
 .ARM.attributes
                0x0000019f       0x2c ./Drivers/STM32F0xx_HAL_Driver/Src/stm32f0xx_hal_dma.o
 .ARM.attributes
                0x000001cb       0x2c ./Drivers/STM32F0xx_HAL_Driver/Src/stm32f0xx_hal_gpio.o
 .ARM.attributes
                0x000001f7       0x2c ./Drivers/STM32F0xx_HAL_Driver/Src/stm32f0xx_hal_rcc.o
 .ARM.attributes
                0x00000223       0x2c ./Drivers/STM32F0xx_HAL_Driver/Src/stm32f0xx_hal_rcc_ex.o
 .ARM.attributes
                0x0000024f       0x2c ./Drivers/STM32F0xx_HAL_Driver/Src/stm32f0xx_hal_uart.o
 .ARM.attributes
                0x0000027b       0x2c ./Drivers/STM32F0xx_HAL_Driver/Src/stm32f0xx_hal_uart_ex.o
 .ARM.attributes
                0x000002a7       0x2c C:/ST/STM32CubeIDE_1.15.0/STM32CubeIDE/plugins/com.st.stm32cube.ide.mcu.externaltools.gnu-tools-for-stm32.12.3.rel1.win32_1.0.200.202406191623/tools/bin/../lib/gcc/arm-none-eabi/12.3.1/../../../../arm-none-eabi/lib/thumb/v6-m/nofp\libc_nano.a(libc_a-memset.o)
 .ARM.attributes
                0x000002d3       0x2c C:/ST/STM32CubeIDE_1.15.0/STM32CubeIDE/plugins/com.st.stm32cube.ide.mcu.externaltools.gnu-tools-for-stm32.12.3.rel1.win32_1.0.200.202406191623/tools/bin/../lib/gcc/arm-none-eabi/12.3.1/../../../../arm-none-eabi/lib/thumb/v6-m/nofp\libc_nano.a(libc_a-init.o)
 .ARM.attributes
                0x000002ff       0x2c C:/ST/STM32CubeIDE_1.15.0/STM32CubeIDE/plugins/com.st.stm32cube.ide.mcu.externaltools.gnu-tools-for-stm32.12.3.rel1.win32_1.0.200.202406191623/tools/bin/../lib/gcc/arm-none-eabi/12.3.1/../../../../arm-none-eabi/lib/thumb/v6-m/nofp\libc_nano.a(libc_a-memcpy-stub.o)
 .ARM.attributes
                0x0000032b       0x1e C:/ST/STM32CubeIDE_1.15.0/STM32CubeIDE/plugins/com.st.stm32cube.ide.mcu.externaltools.gnu-tools-for-stm32.12.3.rel1.win32_1.0.200.202406191623/tools/bin/../lib/gcc/arm-none-eabi/12.3.1/thumb/v6-m/nofp\libgcc.a(_udivsi3.o)
 .ARM.attributes
                0x00000349       0x1e C:/ST/STM32CubeIDE_1.15.0/STM32CubeIDE/plugins/com.st.stm32cube.ide.mcu.externaltools.gnu-tools-for-stm32.12.3.rel1.win32_1.0.200.202406191623/tools/bin/../lib/gcc/arm-none-eabi/12.3.1/thumb/v6-m/nofp\libgcc.a(_dvmd_tls.o)
 .ARM.attributes
                0x00000367       0x1e C:/ST/STM32CubeIDE_1.15.0/STM32CubeIDE/plugins/com.st.stm32cube.ide.mcu.externaltools.gnu-tools-for-stm32.12.3.rel1.win32_1.0.200.202406191623/tools/bin/../lib/gcc/arm-none-eabi/12.3.1/thumb/v6-m/nofp/crtn.o
OUTPUT(Serial_bus_servo.elf elf32-littlearm)
LOAD linker stubs
LOAD C:/ST/STM32CubeIDE_1.15.0/STM32CubeIDE/plugins/com.st.stm32cube.ide.mcu.externaltools.gnu-tools-for-stm32.12.3.rel1.win32_1.0.200.202406191623/tools/bin/../lib/gcc/arm-none-eabi/12.3.1/../../../../arm-none-eabi/lib/thumb/v6-m/nofp\libc.a
LOAD C:/ST/STM32CubeIDE_1.15.0/STM32CubeIDE/plugins/com.st.stm32cube.ide.mcu.externaltools.gnu-tools-for-stm32.12.3.rel1.win32_1.0.200.202406191623/tools/bin/../lib/gcc/arm-none-eabi/12.3.1/../../../../arm-none-eabi/lib/thumb/v6-m/nofp\libm.a
LOAD C:/ST/STM32CubeIDE_1.15.0/STM32CubeIDE/plugins/com.st.stm32cube.ide.mcu.externaltools.gnu-tools-for-stm32.12.3.rel1.win32_1.0.200.202406191623/tools/bin/../lib/gcc/arm-none-eabi/12.3.1/thumb/v6-m/nofp\libgcc.a

.debug_info     0x00000000     0xa0b2
 .debug_info    0x00000000     0x1254 ./Core/Src/SerialServo.o
 .debug_info    0x00001254      0xdf6 ./Core/Src/main.o
 .debug_info    0x0000204a      0xa4c ./Core/Src/stm32f0xx_hal_msp.o
 .debug_info    0x00002a96      0x6d4 ./Core/Src/stm32f0xx_it.o
 .debug_info    0x0000316a      0x242 ./Core/Src/system_stm32f0xx.o
 .debug_info    0x000033ac       0x30 ./Core/Startup/startup_stm32f051r8tx.o
 .debug_info    0x000033dc      0x6a9 ./Drivers/STM32F0xx_HAL_Driver/Src/stm32f0xx_hal.o
 .debug_info    0x00003a85      0x6b3 ./Drivers/STM32F0xx_HAL_Driver/Src/stm32f0xx_hal_cortex.o
 .debug_info    0x00004138      0x700 ./Drivers/STM32F0xx_HAL_Driver/Src/stm32f0xx_hal_dma.o
 .debug_info    0x00004838      0x5b4 ./Drivers/STM32F0xx_HAL_Driver/Src/stm32f0xx_hal_gpio.o
 .debug_info    0x00004dec      0x833 ./Drivers/STM32F0xx_HAL_Driver/Src/stm32f0xx_hal_rcc.o
 .debug_info    0x0000561f      0x36b ./Drivers/STM32F0xx_HAL_Driver/Src/stm32f0xx_hal_rcc_ex.o
 .debug_info    0x0000598a     0x3a9e ./Drivers/STM32F0xx_HAL_Driver/Src/stm32f0xx_hal_uart.o
 .debug_info    0x00009428      0xc8a ./Drivers/STM32F0xx_HAL_Driver/Src/stm32f0xx_hal_uart_ex.o

.debug_abbrev   0x00000000     0x1ce0
 .debug_abbrev  0x00000000      0x37a ./Core/Src/SerialServo.o
 .debug_abbrev  0x0000037a      0x2b4 ./Core/Src/main.o
 .debug_abbrev  0x0000062e      0x1ca ./Core/Src/stm32f0xx_hal_msp.o
 .debug_abbrev  0x000007f8      0x185 ./Core/Src/stm32f0xx_it.o
 .debug_abbrev  0x0000097d      0x11c ./Core/Src/system_stm32f0xx.o
 .debug_abbrev  0x00000a99       0x24 ./Core/Startup/startup_stm32f051r8tx.o
 .debug_abbrev  0x00000abd      0x247 ./Drivers/STM32F0xx_HAL_Driver/Src/stm32f0xx_hal.o
 .debug_abbrev  0x00000d04      0x28c ./Drivers/STM32F0xx_HAL_Driver/Src/stm32f0xx_hal_cortex.o
 .debug_abbrev  0x00000f90      0x1ef ./Drivers/STM32F0xx_HAL_Driver/Src/stm32f0xx_hal_dma.o
 .debug_abbrev  0x0000117f      0x1ca ./Drivers/STM32F0xx_HAL_Driver/Src/stm32f0xx_hal_gpio.o
 .debug_abbrev  0x00001349      0x28c ./Drivers/STM32F0xx_HAL_Driver/Src/stm32f0xx_hal_rcc.o
 .debug_abbrev  0x000015d5      0x16f ./Drivers/STM32F0xx_HAL_Driver/Src/stm32f0xx_hal_rcc_ex.o
 .debug_abbrev  0x00001744      0x2e1 ./Drivers/STM32F0xx_HAL_Driver/Src/stm32f0xx_hal_uart.o
 .debug_abbrev  0x00001a25      0x2bb ./Drivers/STM32F0xx_HAL_Driver/Src/stm32f0xx_hal_uart_ex.o

.debug_aranges  0x00000000      0x7c0
 .debug_aranges
                0x00000000       0xf0 ./Core/Src/SerialServo.o
 .debug_aranges
                0x000000f0       0x48 ./Core/Src/main.o
 .debug_aranges
                0x00000138       0x30 ./Core/Src/stm32f0xx_hal_msp.o
 .debug_aranges
                0x00000168       0x50 ./Core/Src/stm32f0xx_it.o
 .debug_aranges
                0x000001b8       0x28 ./Core/Src/system_stm32f0xx.o
 .debug_aranges
                0x000001e0       0x28 ./Core/Startup/startup_stm32f051r8tx.o
 .debug_aranges
                0x00000208       0xd0 ./Drivers/STM32F0xx_HAL_Driver/Src/stm32f0xx_hal.o
 .debug_aranges
                0x000002d8       0xc0 ./Drivers/STM32F0xx_HAL_Driver/Src/stm32f0xx_hal_cortex.o
 .debug_aranges
                0x00000398       0x88 ./Drivers/STM32F0xx_HAL_Driver/Src/stm32f0xx_hal_dma.o
 .debug_aranges
                0x00000420       0x58 ./Drivers/STM32F0xx_HAL_Driver/Src/stm32f0xx_hal_gpio.o
 .debug_aranges
                0x00000478       0x80 ./Drivers/STM32F0xx_HAL_Driver/Src/stm32f0xx_hal_rcc.o
 .debug_aranges
                0x000004f8       0x30 ./Drivers/STM32F0xx_HAL_Driver/Src/stm32f0xx_hal_rcc_ex.o
 .debug_aranges
                0x00000528      0x228 ./Drivers/STM32F0xx_HAL_Driver/Src/stm32f0xx_hal_uart.o
 .debug_aranges
                0x00000750       0x70 ./Drivers/STM32F0xx_HAL_Driver/Src/stm32f0xx_hal_uart_ex.o

.debug_rnglists
                0x00000000      0x5fc
 .debug_rnglists
                0x00000000       0xc2 ./Core/Src/SerialServo.o
 .debug_rnglists
                0x000000c2       0x34 ./Core/Src/main.o
 .debug_rnglists
                0x000000f6       0x20 ./Core/Src/stm32f0xx_hal_msp.o
 .debug_rnglists
                0x00000116       0x37 ./Core/Src/stm32f0xx_it.o
 .debug_rnglists
                0x0000014d       0x1a ./Core/Src/system_stm32f0xx.o
 .debug_rnglists
                0x00000167       0x19 ./Core/Startup/startup_stm32f051r8tx.o
 .debug_rnglists
                0x00000180       0x97 ./Drivers/STM32F0xx_HAL_Driver/Src/stm32f0xx_hal.o
 .debug_rnglists
                0x00000217       0x8c ./Drivers/STM32F0xx_HAL_Driver/Src/stm32f0xx_hal_cortex.o
 .debug_rnglists
                0x000002a3       0x6a ./Drivers/STM32F0xx_HAL_Driver/Src/stm32f0xx_hal_dma.o
 .debug_rnglists
                0x0000030d       0x3f ./Drivers/STM32F0xx_HAL_Driver/Src/stm32f0xx_hal_gpio.o
 .debug_rnglists
                0x0000034c       0x60 ./Drivers/STM32F0xx_HAL_Driver/Src/stm32f0xx_hal_rcc.o
 .debug_rnglists
                0x000003ac       0x21 ./Drivers/STM32F0xx_HAL_Driver/Src/stm32f0xx_hal_rcc_ex.o
 .debug_rnglists
                0x000003cd      0x1db ./Drivers/STM32F0xx_HAL_Driver/Src/stm32f0xx_hal_uart.o
 .debug_rnglists
                0x000005a8       0x54 ./Drivers/STM32F0xx_HAL_Driver/Src/stm32f0xx_hal_uart_ex.o

.debug_macro    0x00000000    0x11f0c
 .debug_macro   0x00000000      0x2a6 ./Core/Src/SerialServo.o
 .debug_macro   0x000002a6      0xa8a ./Core/Src/SerialServo.o
 .debug_macro   0x00000d30       0x22 ./Core/Src/SerialServo.o
 .debug_macro   0x00000d52       0x5b ./Core/Src/SerialServo.o
 .debug_macro   0x00000dad       0x24 ./Core/Src/SerialServo.o
 .debug_macro   0x00000dd1       0x94 ./Core/Src/SerialServo.o
 .debug_macro   0x00000e65       0x43 ./Core/Src/SerialServo.o
 .debug_macro   0x00000ea8       0x34 ./Core/Src/SerialServo.o
 .debug_macro   0x00000edc       0x16 ./Core/Src/SerialServo.o
 .debug_macro   0x00000ef2       0x57 ./Core/Src/SerialServo.o
 .debug_macro   0x00000f49       0x9e ./Core/Src/SerialServo.o
 .debug_macro   0x00000fe7      0x369 ./Core/Src/SerialServo.o
 .debug_macro   0x00001350      0x10b ./Core/Src/SerialServo.o
 .debug_macro   0x0000145b       0x10 ./Core/Src/SerialServo.o
 .debug_macro   0x0000146b       0x16 ./Core/Src/SerialServo.o
 .debug_macro   0x00001481       0x43 ./Core/Src/SerialServo.o
 .debug_macro   0x000014c4       0x34 ./Core/Src/SerialServo.o
 .debug_macro   0x000014f8       0x10 ./Core/Src/SerialServo.o
 .debug_macro   0x00001508       0x58 ./Core/Src/SerialServo.o
 .debug_macro   0x00001560       0x8e ./Core/Src/SerialServo.o
 .debug_macro   0x000015ee       0x1c ./Core/Src/SerialServo.o
 .debug_macro   0x0000160a      0x177 ./Core/Src/SerialServo.o
 .debug_macro   0x00001781       0x16 ./Core/Src/SerialServo.o
 .debug_macro   0x00001797       0x16 ./Core/Src/SerialServo.o
 .debug_macro   0x000017ad      0x146 ./Core/Src/SerialServo.o
 .debug_macro   0x000018f3       0x22 ./Core/Src/SerialServo.o
 .debug_macro   0x00001915      0x12d ./Core/Src/SerialServo.o
 .debug_macro   0x00001a42       0x2e ./Core/Src/SerialServo.o
 .debug_macro   0x00001a70       0x22 ./Core/Src/SerialServo.o
 .debug_macro   0x00001a92      0x103 ./Core/Src/SerialServo.o
 .debug_macro   0x00001b95       0x6a ./Core/Src/SerialServo.o
 .debug_macro   0x00001bff      0x1df ./Core/Src/SerialServo.o
 .debug_macro   0x00001dde       0x1c ./Core/Src/SerialServo.o
 .debug_macro   0x00001dfa       0x22 ./Core/Src/SerialServo.o
 .debug_macro   0x00001e1c       0xaf ./Core/Src/SerialServo.o
 .debug_macro   0x00001ecb      0x391 ./Core/Src/SerialServo.o
 .debug_macro   0x0000225c     0x8d00 ./Core/Src/SerialServo.o
 .debug_macro   0x0000af5c       0x66 ./Core/Src/SerialServo.o
 .debug_macro   0x0000afc2     0x34da ./Core/Src/SerialServo.o
 .debug_macro   0x0000e49c       0x4f ./Core/Src/SerialServo.o
 .debug_macro   0x0000e4eb      0x924 ./Core/Src/SerialServo.o
 .debug_macro   0x0000ee0f      0x251 ./Core/Src/SerialServo.o
 .debug_macro   0x0000f060      0x1ae ./Core/Src/SerialServo.o
 .debug_macro   0x0000f20e      0x114 ./Core/Src/SerialServo.o
 .debug_macro   0x0000f322      0x1a0 ./Core/Src/SerialServo.o
 .debug_macro   0x0000f4c2      0x1ed ./Core/Src/SerialServo.o
 .debug_macro   0x0000f6af       0x34 ./Core/Src/SerialServo.o
 .debug_macro   0x0000f6e3       0x43 ./Core/Src/SerialServo.o
 .debug_macro   0x0000f726       0x28 ./Core/Src/SerialServo.o
 .debug_macro   0x0000f74e       0xb0 ./Core/Src/SerialServo.o
 .debug_macro   0x0000f7fe      0x199 ./Core/Src/SerialServo.o
 .debug_macro   0x0000f997      0x22c ./Core/Src/SerialServo.o
 .debug_macro   0x0000fbc3       0x61 ./Core/Src/SerialServo.o
 .debug_macro   0x0000fc24       0xa5 ./Core/Src/SerialServo.o
 .debug_macro   0x0000fcc9       0x4c ./Core/Src/SerialServo.o
 .debug_macro   0x0000fd15      0x112 ./Core/Src/SerialServo.o
 .debug_macro   0x0000fe27      0x5ba ./Core/Src/SerialServo.o
 .debug_macro   0x000103e1       0x3e ./Core/Src/SerialServo.o
 .debug_macro   0x0001041f      0x114 ./Core/Src/SerialServo.o
 .debug_macro   0x00010533       0xe8 ./Core/Src/SerialServo.o
 .debug_macro   0x0001061b      0x2ac ./Core/Src/main.o
 .debug_macro   0x000108c7       0x8e ./Core/Src/main.o
 .debug_macro   0x00010955       0x51 ./Core/Src/main.o
 .debug_macro   0x000109a6      0x189 ./Core/Src/main.o
 .debug_macro   0x00010b2f       0x55 ./Core/Src/main.o
 .debug_macro   0x00010b84       0x61 ./Core/Src/main.o
 .debug_macro   0x00010be5       0x35 ./Core/Src/main.o
 .debug_macro   0x00010c1a      0x1b8 ./Core/Src/stm32f0xx_hal_msp.o
 .debug_macro   0x00010dd2      0x1c2 ./Core/Src/stm32f0xx_it.o
 .debug_macro   0x00010f94      0x1ae ./Core/Src/system_stm32f0xx.o
 .debug_macro   0x00011142      0x1d2 ./Drivers/STM32F0xx_HAL_Driver/Src/stm32f0xx_hal.o
 .debug_macro   0x00011314      0x1ae ./Drivers/STM32F0xx_HAL_Driver/Src/stm32f0xx_hal_cortex.o
 .debug_macro   0x000114c2      0x1ae ./Drivers/STM32F0xx_HAL_Driver/Src/stm32f0xx_hal_dma.o
 .debug_macro   0x00011670      0x1b5 ./Drivers/STM32F0xx_HAL_Driver/Src/stm32f0xx_hal_gpio.o
 .debug_macro   0x00011825      0x1c0 ./Drivers/STM32F0xx_HAL_Driver/Src/stm32f0xx_hal_rcc.o
 .debug_macro   0x000119e5      0x1ae ./Drivers/STM32F0xx_HAL_Driver/Src/stm32f0xx_hal_rcc_ex.o
 .debug_macro   0x00011b93      0x1cb ./Drivers/STM32F0xx_HAL_Driver/Src/stm32f0xx_hal_uart.o
 .debug_macro   0x00011d5e      0x1ae ./Drivers/STM32F0xx_HAL_Driver/Src/stm32f0xx_hal_uart_ex.o

.debug_line     0x00000000     0xad93
 .debug_line    0x00000000     0x1056 ./Core/Src/SerialServo.o
 .debug_line    0x00001056      0xa53 ./Core/Src/main.o
 .debug_line    0x00001aa9      0x7bc ./Core/Src/stm32f0xx_hal_msp.o
 .debug_line    0x00002265      0x7ce ./Core/Src/stm32f0xx_it.o
 .debug_line    0x00002a33      0x7a9 ./Core/Src/system_stm32f0xx.o
 .debug_line    0x000031dc       0x7b ./Core/Startup/startup_stm32f051r8tx.o
 .debug_line    0x00003257      0x9b4 ./Drivers/STM32F0xx_HAL_Driver/Src/stm32f0xx_hal.o
 .debug_line    0x00003c0b      0xa60 ./Drivers/STM32F0xx_HAL_Driver/Src/stm32f0xx_hal_cortex.o
 .debug_line    0x0000466b      0xcd8 ./Drivers/STM32F0xx_HAL_Driver/Src/stm32f0xx_hal_dma.o
 .debug_line    0x00005343      0xb4d ./Drivers/STM32F0xx_HAL_Driver/Src/stm32f0xx_hal_gpio.o
 .debug_line    0x00005e90      0xd99 ./Drivers/STM32F0xx_HAL_Driver/Src/stm32f0xx_hal_rcc.o
 .debug_line    0x00006c29      0x95a ./Drivers/STM32F0xx_HAL_Driver/Src/stm32f0xx_hal_rcc_ex.o
 .debug_line    0x00007583     0x2c5d ./Drivers/STM32F0xx_HAL_Driver/Src/stm32f0xx_hal_uart.o
 .debug_line    0x0000a1e0      0xbb3 ./Drivers/STM32F0xx_HAL_Driver/Src/stm32f0xx_hal_uart_ex.o

.debug_str      0x00000000    0x68fa0
 .debug_str     0x00000000    0x6737e ./Core/Src/SerialServo.o
                              0x676f6 (size before relaxing)
 .debug_str     0x0006737e      0x4e6 ./Core/Src/main.o
                              0x678bd (size before relaxing)
 .debug_str     0x00067864       0x74 ./Core/Src/stm32f0xx_hal_msp.o
                              0x63b66 (size before relaxing)
 .debug_str     0x000678d8       0xd4 ./Core/Src/stm32f0xx_it.o
                              0x6390f (size before relaxing)
 .debug_str     0x000679ac       0x8b ./Core/Src/system_stm32f0xx.o
                              0x634e0 (size before relaxing)
 .debug_str     0x00067a37       0x44 ./Core/Startup/startup_stm32f051r8tx.o
                                 0x90 (size before relaxing)
 .debug_str     0x00067a7b      0x37a ./Drivers/STM32F0xx_HAL_Driver/Src/stm32f0xx_hal.o
                              0x63aa6 (size before relaxing)
 .debug_str     0x00067df5      0x18d ./Drivers/STM32F0xx_HAL_Driver/Src/stm32f0xx_hal_cortex.o
                              0x63897 (size before relaxing)
 .debug_str     0x00067f82      0x24d ./Drivers/STM32F0xx_HAL_Driver/Src/stm32f0xx_hal_dma.o
                              0x63886 (size before relaxing)
 .debug_str     0x000681cf      0x136 ./Drivers/STM32F0xx_HAL_Driver/Src/stm32f0xx_hal_gpio.o
                              0x63681 (size before relaxing)
 .debug_str     0x00068305      0x21a ./Drivers/STM32F0xx_HAL_Driver/Src/stm32f0xx_hal_rcc.o
                              0x6391c (size before relaxing)
 .debug_str     0x0006851f       0x97 ./Drivers/STM32F0xx_HAL_Driver/Src/stm32f0xx_hal_rcc_ex.o
                              0x6363b (size before relaxing)
 .debug_str     0x000685b6      0x829 ./Drivers/STM32F0xx_HAL_Driver/Src/stm32f0xx_hal_uart.o
                              0x64244 (size before relaxing)
 .debug_str     0x00068ddf      0x1c1 ./Drivers/STM32F0xx_HAL_Driver/Src/stm32f0xx_hal_uart_ex.o
                              0x63b75 (size before relaxing)

.comment        0x00000000       0x43
 .comment       0x00000000       0x43 ./Core/Src/SerialServo.o
                                 0x44 (size before relaxing)
 .comment       0x00000043       0x44 ./Core/Src/main.o
 .comment       0x00000043       0x44 ./Core/Src/stm32f0xx_hal_msp.o
 .comment       0x00000043       0x44 ./Core/Src/stm32f0xx_it.o
 .comment       0x00000043       0x44 ./Core/Src/system_stm32f0xx.o
 .comment       0x00000043       0x44 ./Drivers/STM32F0xx_HAL_Driver/Src/stm32f0xx_hal.o
 .comment       0x00000043       0x44 ./Drivers/STM32F0xx_HAL_Driver/Src/stm32f0xx_hal_cortex.o
 .comment       0x00000043       0x44 ./Drivers/STM32F0xx_HAL_Driver/Src/stm32f0xx_hal_dma.o
 .comment       0x00000043       0x44 ./Drivers/STM32F0xx_HAL_Driver/Src/stm32f0xx_hal_gpio.o
 .comment       0x00000043       0x44 ./Drivers/STM32F0xx_HAL_Driver/Src/stm32f0xx_hal_rcc.o
 .comment       0x00000043       0x44 ./Drivers/STM32F0xx_HAL_Driver/Src/stm32f0xx_hal_rcc_ex.o
 .comment       0x00000043       0x44 ./Drivers/STM32F0xx_HAL_Driver/Src/stm32f0xx_hal_uart.o
 .comment       0x00000043       0x44 ./Drivers/STM32F0xx_HAL_Driver/Src/stm32f0xx_hal_uart_ex.o

.debug_frame    0x00000000     0x1a9c
 .debug_frame   0x00000000      0x3c0 ./Core/Src/SerialServo.o
 .debug_frame   0x000003c0       0xc8 ./Core/Src/main.o
 .debug_frame   0x00000488       0x70 ./Core/Src/stm32f0xx_hal_msp.o
 .debug_frame   0x000004f8       0xd4 ./Core/Src/stm32f0xx_it.o
 .debug_frame   0x000005cc       0x4c ./Core/Src/system_stm32f0xx.o
 .debug_frame   0x00000618      0x2a4 ./Drivers/STM32F0xx_HAL_Driver/Src/stm32f0xx_hal.o
 .debug_frame   0x000008bc      0x2a0 ./Drivers/STM32F0xx_HAL_Driver/Src/stm32f0xx_hal_cortex.o
 .debug_frame   0x00000b5c      0x1d0 ./Drivers/STM32F0xx_HAL_Driver/Src/stm32f0xx_hal_dma.o
 .debug_frame   0x00000d2c      0x110 ./Drivers/STM32F0xx_HAL_Driver/Src/stm32f0xx_hal_gpio.o
 .debug_frame   0x00000e3c      0x198 ./Drivers/STM32F0xx_HAL_Driver/Src/stm32f0xx_hal_rcc.o
 .debug_frame   0x00000fd4       0x70 ./Drivers/STM32F0xx_HAL_Driver/Src/stm32f0xx_hal_rcc_ex.o
 .debug_frame   0x00001044      0x850 ./Drivers/STM32F0xx_HAL_Driver/Src/stm32f0xx_hal_uart.o
 .debug_frame   0x00001894      0x174 ./Drivers/STM32F0xx_HAL_Driver/Src/stm32f0xx_hal_uart_ex.o
 .debug_frame   0x00001a08       0x20 C:/ST/STM32CubeIDE_1.15.0/STM32CubeIDE/plugins/com.st.stm32cube.ide.mcu.externaltools.gnu-tools-for-stm32.12.3.rel1.win32_1.0.200.202406191623/tools/bin/../lib/gcc/arm-none-eabi/12.3.1/../../../../arm-none-eabi/lib/thumb/v6-m/nofp\libc_nano.a(libc_a-memset.o)
 .debug_frame   0x00001a28       0x2c C:/ST/STM32CubeIDE_1.15.0/STM32CubeIDE/plugins/com.st.stm32cube.ide.mcu.externaltools.gnu-tools-for-stm32.12.3.rel1.win32_1.0.200.202406191623/tools/bin/../lib/gcc/arm-none-eabi/12.3.1/../../../../arm-none-eabi/lib/thumb/v6-m/nofp\libc_nano.a(libc_a-init.o)
 .debug_frame   0x00001a54       0x28 C:/ST/STM32CubeIDE_1.15.0/STM32CubeIDE/plugins/com.st.stm32cube.ide.mcu.externaltools.gnu-tools-for-stm32.12.3.rel1.win32_1.0.200.202406191623/tools/bin/../lib/gcc/arm-none-eabi/12.3.1/../../../../arm-none-eabi/lib/thumb/v6-m/nofp\libc_nano.a(libc_a-memcpy-stub.o)
 .debug_frame   0x00001a7c       0x20 C:/ST/STM32CubeIDE_1.15.0/STM32CubeIDE/plugins/com.st.stm32cube.ide.mcu.externaltools.gnu-tools-for-stm32.12.3.rel1.win32_1.0.200.202406191623/tools/bin/../lib/gcc/arm-none-eabi/12.3.1/thumb/v6-m/nofp\libgcc.a(_udivsi3.o)

.debug_line_str
                0x00000000       0x74
 .debug_line_str
                0x00000000       0x74 ./Core/Startup/startup_stm32f051r8tx.o
