../Core/Src/SerialServo.c:23:6:Ping	56	static
../Core/Src/SerialServo.c:39:6:SetID	64	static
../Core/Src/SerialServo.c:51:5:findID	16	static
../Core/Src/SerialServo.c:61:6:ReSetID	24	static
../Core/Src/SerialServo.c:75:9:Min_max_voltage	8	static
../Core/Src/SerialServo.c:79:6:Write_LockFlag	64	static
../Core/Src/SerialServo.c:126:6:Sync_write	96	static
../Core/Src/SerialServo.c:161:7:ID_loc_time_speed	80	static
../Core/Src/SerialServo.c:179:6:Target_location	64	static
../Core/Src/SerialServo.c:193:6:Operation_time	64	static
../Core/Src/SerialServo.c:206:6:POSITION_CORRECTION	64	static
../Core/Src/SerialServo.c:219:6:Operation_speed	64	static
../Core/Src/SerialServo.c:233:6:Operation_mode	64	static
../Core/Src/SerialServo.c:245:6:Set_torque	64	static
../Core/Src/SerialServo.c:259:6:Min_Max_Angle	72	static
../Core/Src/SerialServo.c:286:5:GetMoveFlag	64	static
../Core/Src/SerialServo.c:300:5:LockFlag	64	static
../Core/Src/SerialServo.c:314:5:CurrentLocation	64	static
../Core/Src/SerialServo.c:330:6:struct_to_arr	40	static
../Core/Src/SerialServo.c:350:9:convertHexToInteger	24	static
../Core/Src/SerialServo.c:358:9:int_to_hex	32	static
../Core/Src/SerialServo.c:374:15:arr_to_struct	88	dynamic
../Core/Src/SerialServo.c:395:15:AxelFlow_fire	248	dynamic
../Core/Src/SerialServo.c:459:6:checkChecksum	16	static
../Core/Src/SerialServo.c:466:6:DegtoInt	16	static
../Core/Src/SerialServo.c:470:9:getChecksum	16	static
../Core/Src/SerialServo.c:480:19:AxelFlow_debug_println	224	static
