../Core/Src/SerialServo.c:23:6:Ping	56	static
../Core/Src/SerialServo.c:39:6:SetID	64	static
../Core/Src/SerialServo.c:51:5:findID	16	static
../Core/Src/SerialServo.c:61:6:ReSetID	24	static
../Core/Src/SerialServo.c:75:9:Min_max_voltage	8	static
../Core/Src/SerialServo.c:79:6:Write_LockFlag	64	static
../Core/Src/SerialServo.c:159:6:Sync_write	128	dynamic
../Core/Src/SerialServo.c:231:7:ID_loc_time_speed	80	static
../Core/Src/SerialServo.c:249:6:Target_location	64	static
../Core/Src/SerialServo.c:263:6:Operation_time	64	static
../Core/Src/SerialServo.c:276:6:POSITION_CORRECTION	64	static
../Core/Src/SerialServo.c:289:6:Operation_speed	64	static
../Core/Src/SerialServo.c:303:6:Operation_mode	64	static
../Core/Src/SerialServo.c:317:6:Set_torque	64	static
../Core/Src/SerialServo.c:331:6:Min_Max_Angle	72	static
../Core/Src/SerialServo.c:358:5:GetMoveFlag	64	static
../Core/Src/SerialServo.c:372:5:LockFlag	64	static
../Core/Src/SerialServo.c:386:5:CurrentLocation	64	static
../Core/Src/SerialServo.c:402:6:struct_to_arr	40	static
../Core/Src/SerialServo.c:422:9:convertHexToInteger	24	static
../Core/Src/SerialServo.c:430:6:int_to_hex	32	static
../Core/Src/SerialServo.c:447:15:arr_to_struct	88	dynamic
../Core/Src/SerialServo.c:468:15:AxelFlow_fire	248	dynamic
../Core/Src/SerialServo.c:603:6:checkChecksum	16	static
../Core/Src/SerialServo.c:610:6:DegtoInt	16	static
../Core/Src/SerialServo.c:614:9:getChecksum	16	static
../Core/Src/SerialServo.c:624:19:AxelFlow_debug_println	224	static
